2026-10-06 11:42:36,940 - STRAP - INFO - STRAP model initialized on cuda
2026-10-06 11:42:36,940 - STRAP - INFO -   Input dim: 11, Hidden dim: 64, Intention modes: 100
2026-10-06 11:42:36,940 - STRAP - INFO -   Encoder layers: 3, Decoder layers: 2
2026-10-06 11:42:36,940 - STRAP - INFO -   Mode: STRAP-R (risk-scaled loss)
2026-10-06 11:42:36,941 - STRAP - INFO -   Total parameters: 528,089
2026-10-06 11:42:36,958 - STRAP - INFO - Loading data (debug=False)...
2026-10-06 11:42:36,958 - STRAP - INFO - [NGSIMLoader] Loading cached data from data/raw/ngsim/ngsim_us-101.csv
2026-10-06 11:42:42,647 - STRAP - INFO - [NGSIMLoader] Concatenated 'us-101': 4,802,933 rows, frame_id offset=10001
2026-10-06 11:42:42,647 - STRAP - INFO - [NGSIMLoader] Loading cached data from data/raw/ngsim/ngsim_i-80.csv
2026-10-06 11:42:47,992 - STRAP - INFO - [NGSIMLoader] Concatenated 'i-80': 4,566,387 rows, frame_id offset=21693
2026-10-06 11:42:48,222 - STRAP - INFO - [NGSIMLoader] Combined 2 locations: 9,369,320 total rows
2026-10-06 11:42:50,838 - STRAP - INFO - [NGSIMLoader] 3233 vehicles with >=80 frames
2026-10-06 11:46:51,096 - STRAP - INFO - [NGSIMLoader] Built 567824 scenes
2026-10-06 11:59:12,910 - STRAP - INFO - [NGSIMLoader] Built 567653 training samples
2026-10-06 11:59:13,245 - STRAP - INFO - [NGSIMLoader] Temporal split: train=375424 (frames 5-15107), val=70251 (frames 15267-17276), test=111150 (frames 17436-21608)
2026-10-06 11:59:13,338 - STRAP - INFO - Evaluating 111150 test samples for collisions...
2026-10-06 11:59:13,338 - STRAP - INFO - Using metric 'min_dist' with threshold 2.0
2026-10-06 11:59:13,338 - STRAP - INFO - Writing collisions to logs/strap_reproduction_v2/collisions.txt
2026-10-06 11:59:15,906 - STRAP - INFO - Processed 100/111150 samples...
2026-10-06 11:59:18,312 - STRAP - INFO - Processed 200/111150 samples...
2026-10-06 11:59:20,645 - STRAP - INFO - Processed 300/111150 samples...
2026-10-06 11:59:22,968 - STRAP - INFO - Processed 400/111150 samples...
2026-10-06 11:59:25,243 - STRAP - INFO - Processed 500/111150 samples...
2026-10-06 11:59:27,523 - STRAP - INFO - Processed 600/111150 samples...
2026-10-06 11:59:29,877 - STRAP - INFO - Processed 700/111150 samples...
2026-10-06 11:59:32,260 - STRAP - INFO - Processed 800/111150 samples...
2026-10-06 11:59:34,634 - STRAP - INFO - Processed 900/111150 samples...
2026-10-06 11:59:37,089 - STRAP - INFO - Processed 1000/111150 samples...
2026-10-06 11:59:39,548 - STRAP - INFO - Processed 1100/111150 samples...
2026-10-06 11:59:42,011 - STRAP - INFO - Processed 1200/111150 samples...
2026-10-06 11:59:44,473 - STRAP - INFO - Processed 1300/111150 samples...
2026-10-06 11:59:46,834 - STRAP - INFO - Processed 1400/111150 samples...
2026-10-06 11:59:49,191 - STRAP - INFO - Processed 1500/111150 samples...
2026-10-06 11:59:51,564 - STRAP - INFO - Processed 1600/111150 samples...
2026-10-06 11:59:53,958 - STRAP - INFO - Processed 1700/111150 samples...
2026-10-06 11:59:56,356 - STRAP - INFO - Processed 1800/111150 samples...
2026-10-06 11:59:58,713 - STRAP - INFO - Processed 1900/111150 samples...
2026-10-06 12:00:01,068 - STRAP - INFO - Processed 2000/111150 samples...
2026-10-06 12:00:03,363 - STRAP - INFO - Processed 2100/111150 samples...
2026-10-06 12:00:05,761 - STRAP - INFO - Processed 2200/111150 samples...
2026-10-06 12:00:08,121 - STRAP - INFO - Processed 2300/111150 samples...
2026-10-06 12:00:10,471 - STRAP - INFO - Processed 2400/111150 samples...
2026-10-06 12:00:12,766 - STRAP - INFO - Processed 2500/111150 samples...
2026-10-06 12:00:15,056 - STRAP - INFO - Processed 2600/111150 samples...
2026-10-06 12:00:17,348 - STRAP - INFO - Processed 2700/111150 samples...
2026-10-06 12:00:19,686 - STRAP - INFO - Processed 2800/111150 samples...
2026-10-06 12:00:22,014 - STRAP - INFO - Processed 2900/111150 samples...
2026-10-06 12:00:24,336 - STRAP - INFO - Processed 3000/111150 samples...
2026-10-06 12:00:26,653 - STRAP - INFO - Processed 3100/111150 samples...
2026-10-06 12:00:28,941 - STRAP - INFO - Processed 3200/111150 samples...
2026-10-06 12:00:31,229 - STRAP - INFO - Processed 3300/111150 samples...
2026-10-06 12:00:33,524 - STRAP - INFO - Processed 3400/111150 samples...
2026-10-06 12:00:35,851 - STRAP - INFO - Processed 3500/111150 samples...
2026-10-06 12:00:38,219 - STRAP - INFO - Processed 3600/111150 samples...
2026-10-06 12:00:40,478 - STRAP - INFO - Processed 3700/111150 samples...
2026-10-06 12:00:42,737 - STRAP - INFO - Processed 3800/111150 samples...
2026-10-06 12:00:45,078 - STRAP - INFO - Processed 3900/111150 samples...
2026-10-06 12:00:47,434 - STRAP - INFO - Processed 4000/111150 samples...
2026-10-06 12:00:49,710 - STRAP - INFO - Processed 4100/111150 samples...
2026-10-06 12:00:51,981 - STRAP - INFO - Processed 4200/111150 samples...
2026-10-06 12:00:54,252 - STRAP - INFO - Processed 4300/111150 samples...
2026-10-06 12:00:56,524 - STRAP - INFO - Processed 4400/111150 samples...
2026-10-06 12:00:58,795 - STRAP - INFO - Processed 4500/111150 samples...
2026-10-06 12:01:01,067 - STRAP - INFO - Processed 4600/111150 samples...
2026-10-06 12:01:03,441 - STRAP - INFO - Processed 4700/111150 samples...
2026-10-06 12:01:05,798 - STRAP - INFO - Processed 4800/111150 samples...
2026-10-06 12:01:08,067 - STRAP - INFO - Processed 4900/111150 samples...
2026-10-06 12:01:10,336 - STRAP - INFO - Processed 5000/111150 samples...
2026-10-06 12:01:12,614 - STRAP - INFO - Processed 5100/111150 samples...
2026-10-06 12:01:14,884 - STRAP - INFO - Processed 5200/111150 samples...
2026-10-06 12:01:17,155 - STRAP - INFO - Processed 5300/111150 samples...
2026-10-06 12:01:19,431 - STRAP - INFO - Processed 5400/111150 samples...
2026-10-06 12:01:21,701 - STRAP - INFO - Processed 5500/111150 samples...
2026-10-06 12:01:23,970 - STRAP - INFO - Processed 5600/111150 samples...
2026-10-06 12:01:26,239 - STRAP - INFO - Processed 5700/111150 samples...
2026-10-06 12:01:28,511 - STRAP - INFO - Processed 5800/111150 samples...
2026-10-06 12:01:30,781 - STRAP - INFO - Processed 5900/111150 samples...
2026-10-06 12:01:33,055 - STRAP - INFO - Processed 6000/111150 samples...
2026-10-06 12:01:35,332 - STRAP - INFO - Processed 6100/111150 samples...
2026-10-06 12:01:37,604 - STRAP - INFO - Processed 6200/111150 samples...
2026-10-06 12:01:39,877 - STRAP - INFO - Processed 6300/111150 samples...
2026-10-06 12:01:42,151 - STRAP - INFO - Processed 6400/111150 samples...
2026-10-06 12:01:44,425 - STRAP - INFO - Processed 6500/111150 samples...
2026-10-06 12:01:46,697 - STRAP - INFO - Processed 6600/111150 samples...
2026-10-06 12:01:48,969 - STRAP - INFO - Processed 6700/111150 samples...
2026-10-06 12:01:51,243 - STRAP - INFO - Processed 6800/111150 samples...
2026-10-06 12:01:53,517 - STRAP - INFO - Processed 6900/111150 samples...
2026-10-06 12:01:55,790 - STRAP - INFO - Processed 7000/111150 samples...
2026-10-06 12:01:58,063 - STRAP - INFO - Processed 7100/111150 samples...
2026-10-06 12:02:00,335 - STRAP - INFO - Processed 7200/111150 samples...
2026-10-06 12:02:02,608 - STRAP - INFO - Processed 7300/111150 samples...
2026-10-06 12:02:04,880 - STRAP - INFO - Processed 7400/111150 samples...
2026-10-06 12:02:07,154 - STRAP - INFO - Processed 7500/111150 samples...
2026-10-06 12:02:09,430 - STRAP - INFO - Processed 7600/111150 samples...
2026-10-06 12:02:11,702 - STRAP - INFO - Processed 7700/111150 samples...
2026-10-06 12:02:13,977 - STRAP - INFO - Processed 7800/111150 samples...
2026-10-06 12:02:16,251 - STRAP - INFO - Processed 7900/111150 samples...
2026-10-06 12:02:18,519 - STRAP - INFO - Processed 8000/111150 samples...
2026-10-06 12:02:20,861 - STRAP - INFO - Processed 8100/111150 samples...
2026-10-06 12:02:23,216 - STRAP - INFO - Processed 8200/111150 samples...
2026-10-06 12:02:25,573 - STRAP - INFO - Processed 8300/111150 samples...
2026-10-06 12:02:27,938 - STRAP - INFO - Processed 8400/111150 samples...
2026-10-06 12:02:30,309 - STRAP - INFO - Processed 8500/111150 samples...
2026-10-06 12:02:32,683 - STRAP - INFO - Processed 8600/111150 samples...
2026-10-06 12:02:35,083 - STRAP - INFO - Processed 8700/111150 samples...
2026-10-06 12:02:37,485 - STRAP - INFO - Processed 8800/111150 samples...
2026-10-06 12:02:39,758 - STRAP - INFO - Processed 8900/111150 samples...
2026-10-06 12:02:42,025 - STRAP - INFO - Processed 9000/111150 samples...
2026-10-06 12:02:44,293 - STRAP - INFO - Processed 9100/111150 samples...
2026-10-06 12:02:46,561 - STRAP - INFO - Processed 9200/111150 samples...
2026-10-06 12:02:48,828 - STRAP - INFO - Processed 9300/111150 samples...
2026-10-06 12:02:51,097 - STRAP - INFO - Processed 9400/111150 samples...
2026-10-06 12:02:53,458 - STRAP - INFO - Processed 9500/111150 samples...
2026-10-06 12:02:55,938 - STRAP - INFO - Processed 9600/111150 samples...
2026-10-06 12:02:58,417 - STRAP - INFO - Processed 9700/111150 samples...
2026-10-06 12:03:00,897 - STRAP - INFO - Processed 9800/111150 samples...
2026-10-06 12:03:03,378 - STRAP - INFO - Processed 9900/111150 samples...
2026-10-06 12:03:05,861 - STRAP - INFO - Processed 10000/111150 samples...
2026-10-06 12:03:08,343 - STRAP - INFO - Processed 10100/111150 samples...
2026-10-06 12:03:10,825 - STRAP - INFO - Processed 10200/111150 samples...
2026-10-06 12:03:13,296 - STRAP - INFO - Processed 10300/111150 samples...
2026-10-06 12:03:15,660 - STRAP - INFO - Processed 10400/111150 samples...
2026-10-06 12:03:17,934 - STRAP - INFO - Processed 10500/111150 samples...
2026-10-06 12:03:20,204 - STRAP - INFO - Processed 10600/111150 samples...
2026-10-06 12:03:22,500 - STRAP - INFO - Processed 10700/111150 samples...
2026-10-06 12:03:24,802 - STRAP - INFO - Processed 10800/111150 samples...
2026-10-06 12:03:27,070 - STRAP - INFO - Processed 10900/111150 samples...
2026-10-06 12:03:29,342 - STRAP - INFO - Processed 11000/111150 samples...
2026-10-06 12:03:31,625 - STRAP - INFO - Processed 11100/111150 samples...
2026-10-06 12:03:34,019 - STRAP - INFO - Processed 11200/111150 samples...
2026-10-06 12:03:36,415 - STRAP - INFO - Processed 11300/111150 samples...
2026-10-06 12:03:38,821 - STRAP - INFO - Processed 11400/111150 samples...
2026-10-06 12:03:41,126 - STRAP - INFO - Processed 11500/111150 samples...
2026-10-06 12:03:43,404 - STRAP - INFO - Processed 11600/111150 samples...
2026-10-06 12:03:45,683 - STRAP - INFO - Processed 11700/111150 samples...
2026-10-06 12:03:47,953 - STRAP - INFO - Processed 11800/111150 samples...
2026-10-06 12:03:50,221 - STRAP - INFO - Processed 11900/111150 samples...
2026-10-06 12:03:52,493 - STRAP - INFO - Processed 12000/111150 samples...
2026-10-06 12:03:54,788 - STRAP - INFO - Processed 12100/111150 samples...
2026-10-06 12:03:57,135 - STRAP - INFO - Processed 12200/111150 samples...
2026-10-06 12:03:59,454 - STRAP - INFO - Processed 12300/111150 samples...
2026-10-06 12:04:01,783 - STRAP - INFO - Processed 12400/111150 samples...
2026-10-06 12:04:04,129 - STRAP - INFO - Processed 12500/111150 samples...
2026-10-06 12:04:06,475 - STRAP - INFO - Processed 12600/111150 samples...
2026-10-06 12:04:08,789 - STRAP - INFO - Processed 12700/111150 samples...
2026-10-06 12:04:11,108 - STRAP - INFO - Processed 12800/111150 samples...
2026-10-06 12:04:13,437 - STRAP - INFO - Processed 12900/111150 samples...
2026-10-06 12:04:15,921 - STRAP - INFO - Processed 13000/111150 samples...
2026-10-06 12:04:18,404 - STRAP - INFO - Processed 13100/111150 samples...
2026-10-06 12:04:20,896 - STRAP - INFO - Processed 13200/111150 samples...
2026-10-06 12:04:23,378 - STRAP - INFO - Processed 13300/111150 samples...
2026-10-06 12:04:25,859 - STRAP - INFO - Processed 13400/111150 samples...
2026-10-06 12:04:28,339 - STRAP - INFO - Processed 13500/111150 samples...
2026-10-06 12:04:30,822 - STRAP - INFO - Processed 13600/111150 samples...
2026-10-06 12:04:33,301 - STRAP - INFO - Processed 13700/111150 samples...
2026-10-06 12:04:35,782 - STRAP - INFO - Processed 13800/111150 samples...
2026-10-06 12:04:38,260 - STRAP - INFO - Processed 13900/111150 samples...
2026-10-06 12:04:40,742 - STRAP - INFO - Processed 14000/111150 samples...
2026-10-06 12:04:43,221 - STRAP - INFO - Processed 14100/111150 samples...
2026-10-06 12:04:45,700 - STRAP - INFO - Processed 14200/111150 samples...
2026-10-06 12:04:48,179 - STRAP - INFO - Processed 14300/111150 samples...
2026-10-06 12:04:50,658 - STRAP - INFO - Processed 14400/111150 samples...
2026-10-06 12:04:53,136 - STRAP - INFO - Processed 14500/111150 samples...
2026-10-06 12:04:55,614 - STRAP - INFO - Processed 14600/111150 samples...
2026-10-06 12:04:58,093 - STRAP - INFO - Processed 14700/111150 samples...
2026-10-06 12:05:00,571 - STRAP - INFO - Processed 14800/111150 samples...
2026-10-06 12:05:03,054 - STRAP - INFO - Processed 14900/111150 samples...
2026-10-06 12:05:05,531 - STRAP - INFO - Processed 15000/111150 samples...
2026-10-06 12:05:08,011 - STRAP - INFO - Processed 15100/111150 samples...
2026-10-06 12:05:10,356 - STRAP - INFO - Processed 15200/111150 samples...
2026-10-06 12:05:12,716 - STRAP - INFO - Processed 15300/111150 samples...
2026-10-06 12:05:14,993 - STRAP - INFO - Processed 15400/111150 samples...
2026-10-06 12:05:17,256 - STRAP - INFO - Processed 15500/111150 samples...
2026-10-06 12:05:19,543 - STRAP - INFO - Processed 15600/111150 samples...
2026-10-06 12:05:21,827 - STRAP - INFO - Processed 15700/111150 samples...
2026-10-06 12:05:24,112 - STRAP - INFO - Processed 15800/111150 samples...
2026-10-06 12:05:26,452 - STRAP - INFO - Processed 15900/111150 samples...
2026-10-06 12:05:28,831 - STRAP - INFO - Processed 16000/111150 samples...
2026-10-06 12:05:31,216 - STRAP - INFO - Processed 16100/111150 samples...
2026-10-06 12:05:33,642 - STRAP - INFO - Processed 16200/111150 samples...
2026-10-06 12:05:36,004 - STRAP - INFO - Processed 16300/111150 samples...
2026-10-06 12:05:38,360 - STRAP - INFO - Processed 16400/111150 samples...
2026-10-06 12:05:40,685 - STRAP - INFO - Processed 16500/111150 samples...
2026-10-06 12:05:43,007 - STRAP - INFO - Processed 16600/111150 samples...
2026-10-06 12:05:45,428 - STRAP - INFO - Processed 16700/111150 samples...
2026-10-06 12:05:47,846 - STRAP - INFO - Processed 16800/111150 samples...
2026-10-06 12:05:50,275 - STRAP - INFO - Processed 16900/111150 samples...
2026-10-06 12:05:52,702 - STRAP - INFO - Processed 17000/111150 samples...
2026-10-06 12:05:55,168 - STRAP - INFO - Processed 17100/111150 samples...
2026-10-06 12:05:57,653 - STRAP - INFO - Processed 17200/111150 samples...
2026-10-06 12:06:00,133 - STRAP - INFO - Processed 17300/111150 samples...
2026-10-06 12:06:02,617 - STRAP - INFO - Processed 17400/111150 samples...
2026-10-06 12:06:05,103 - STRAP - INFO - Processed 17500/111150 samples...
2026-10-06 12:06:07,587 - STRAP - INFO - Processed 17600/111150 samples...
2026-10-06 12:06:10,072 - STRAP - INFO - Processed 17700/111150 samples...
2026-10-06 12:06:12,556 - STRAP - INFO - Processed 17800/111150 samples...
2026-10-06 12:06:15,037 - STRAP - INFO - Processed 17900/111150 samples...
2026-10-06 12:06:17,519 - STRAP - INFO - Processed 18000/111150 samples...
2026-10-06 12:06:20,001 - STRAP - INFO - Processed 18100/111150 samples...
2026-10-06 12:06:22,483 - STRAP - INFO - Processed 18200/111150 samples...
2026-10-06 12:06:24,966 - STRAP - INFO - Processed 18300/111150 samples...
2026-10-06 12:06:27,447 - STRAP - INFO - Processed 18400/111150 samples...
2026-10-06 12:06:29,929 - STRAP - INFO - Processed 18500/111150 samples...
2026-10-06 12:06:32,408 - STRAP - INFO - Processed 18600/111150 samples...
2026-10-06 12:06:34,886 - STRAP - INFO - Processed 18700/111150 samples...
2026-10-06 12:06:37,368 - STRAP - INFO - Processed 18800/111150 samples...
2026-10-06 12:06:39,846 - STRAP - INFO - Processed 18900/111150 samples...
2026-10-06 12:06:42,326 - STRAP - INFO - Processed 19000/111150 samples...
2026-10-06 12:06:44,807 - STRAP - INFO - Processed 19100/111150 samples...
2026-10-06 12:06:47,273 - STRAP - INFO - Processed 19200/111150 samples...
2026-10-06 12:06:49,757 - STRAP - INFO - Processed 19300/111150 samples...
2026-10-06 12:06:52,234 - STRAP - INFO - Processed 19400/111150 samples...
2026-10-06 12:06:54,715 - STRAP - INFO - Processed 19500/111150 samples...
2026-10-06 12:06:57,193 - STRAP - INFO - Processed 19600/111150 samples...
2026-10-06 12:06:59,593 - STRAP - INFO - Processed 19700/111150 samples...
2026-10-06 12:07:02,003 - STRAP - INFO - Processed 19800/111150 samples...
2026-10-06 12:07:04,390 - STRAP - INFO - Processed 19900/111150 samples...
2026-10-06 12:07:06,658 - STRAP - INFO - Processed 20000/111150 samples...
2026-10-06 12:07:08,956 - STRAP - INFO - Processed 20100/111150 samples...
2026-10-06 12:07:11,216 - STRAP - INFO - Processed 20200/111150 samples...
2026-10-06 12:07:13,527 - STRAP - INFO - Processed 20300/111150 samples...
2026-10-06 12:07:15,808 - STRAP - INFO - Processed 20400/111150 samples...
2026-10-06 12:07:18,092 - STRAP - INFO - Processed 20500/111150 samples...
2026-10-06 12:07:20,347 - STRAP - INFO - Processed 20600/111150 samples...
2026-10-06 12:07:22,602 - STRAP - INFO - Processed 20700/111150 samples...
2026-10-06 12:07:24,859 - STRAP - INFO - Processed 20800/111150 samples...
2026-10-06 12:07:27,100 - STRAP - INFO - Processed 20900/111150 samples...
2026-10-06 12:07:29,355 - STRAP - INFO - Processed 21000/111150 samples...
2026-10-06 12:07:31,612 - STRAP - INFO - Processed 21100/111150 samples...
2026-10-06 12:07:33,869 - STRAP - INFO - Processed 21200/111150 samples...
2026-10-06 12:07:36,126 - STRAP - INFO - Processed 21300/111150 samples...
2026-10-06 12:07:38,382 - STRAP - INFO - Processed 21400/111150 samples...
2026-10-06 12:07:40,692 - STRAP - INFO - Processed 21500/111150 samples...
2026-10-06 12:07:43,017 - STRAP - INFO - Processed 21600/111150 samples...
2026-10-06 12:07:45,377 - STRAP - INFO - Processed 21700/111150 samples...
2026-10-06 12:07:47,770 - STRAP - INFO - Processed 21800/111150 samples...
2026-10-06 12:07:50,063 - STRAP - INFO - Processed 21900/111150 samples...
2026-10-06 12:07:52,320 - STRAP - INFO - Processed 22000/111150 samples...
2026-10-06 12:07:54,576 - STRAP - INFO - Processed 22100/111150 samples...
2026-10-06 12:07:56,833 - STRAP - INFO - Processed 22200/111150 samples...
2026-10-06 12:07:59,091 - STRAP - INFO - Processed 22300/111150 samples...
2026-10-06 12:08:01,387 - STRAP - INFO - Processed 22400/111150 samples...
2026-10-06 12:08:03,783 - STRAP - INFO - Processed 22500/111150 samples...
2026-10-06 12:08:06,142 - STRAP - INFO - Processed 22600/111150 samples...
2026-10-06 12:08:08,498 - STRAP - INFO - Processed 22700/111150 samples...
2026-10-06 12:08:10,862 - STRAP - INFO - Processed 22800/111150 samples...
2026-10-06 12:08:13,287 - STRAP - INFO - Processed 22900/111150 samples...
2026-10-06 12:08:15,637 - STRAP - INFO - Processed 23000/111150 samples...
2026-10-06 12:08:17,919 - STRAP - INFO - Processed 23100/111150 samples...
2026-10-06 12:08:20,210 - STRAP - INFO - Processed 23200/111150 samples...
2026-10-06 12:08:22,500 - STRAP - INFO - Processed 23300/111150 samples...
2026-10-06 12:08:24,791 - STRAP - INFO - Processed 23400/111150 samples...
2026-10-06 12:08:27,081 - STRAP - INFO - Processed 23500/111150 samples...
2026-10-06 12:08:29,372 - STRAP - INFO - Processed 23600/111150 samples...
2026-10-06 12:08:31,664 - STRAP - INFO - Processed 23700/111150 samples...
2026-10-06 12:08:33,955 - STRAP - INFO - Processed 23800/111150 samples...
2026-10-06 12:08:36,245 - STRAP - INFO - Processed 23900/111150 samples...
2026-10-06 12:08:38,535 - STRAP - INFO - Processed 24000/111150 samples...
2026-10-06 12:08:40,825 - STRAP - INFO - Processed 24100/111150 samples...
2026-10-06 12:08:43,115 - STRAP - INFO - Processed 24200/111150 samples...
2026-10-06 12:08:45,404 - STRAP - INFO - Processed 24300/111150 samples...
2026-10-06 12:08:47,695 - STRAP - INFO - Processed 24400/111150 samples...
2026-10-06 12:08:49,986 - STRAP - INFO - Processed 24500/111150 samples...
2026-10-06 12:08:52,274 - STRAP - INFO - Processed 24600/111150 samples...
2026-10-06 12:08:54,565 - STRAP - INFO - Processed 24700/111150 samples...
2026-10-06 12:08:56,854 - STRAP - INFO - Processed 24800/111150 samples...
2026-10-06 12:08:59,146 - STRAP - INFO - Processed 24900/111150 samples...
2026-10-06 12:09:01,435 - STRAP - INFO - Processed 25000/111150 samples...
2026-10-06 12:09:03,725 - STRAP - INFO - Processed 25100/111150 samples...
2026-10-06 12:09:06,017 - STRAP - INFO - Processed 25200/111150 samples...
2026-10-06 12:09:08,308 - STRAP - INFO - Processed 25300/111150 samples...
2026-10-06 12:09:10,599 - STRAP - INFO - Processed 25400/111150 samples...
2026-10-06 12:09:12,888 - STRAP - INFO - Processed 25500/111150 samples...
2026-10-06 12:09:15,176 - STRAP - INFO - Processed 25600/111150 samples...
2026-10-06 12:09:17,466 - STRAP - INFO - Processed 25700/111150 samples...
2026-10-06 12:09:19,754 - STRAP - INFO - Processed 25800/111150 samples...
2026-10-06 12:09:22,042 - STRAP - INFO - Processed 25900/111150 samples...
2026-10-06 12:09:24,331 - STRAP - INFO - Processed 26000/111150 samples...
2026-10-06 12:09:26,621 - STRAP - INFO - Processed 26100/111150 samples...
2026-10-06 12:09:28,911 - STRAP - INFO - Processed 26200/111150 samples...
2026-10-06 12:09:31,197 - STRAP - INFO - Processed 26300/111150 samples...
2026-10-06 12:09:33,486 - STRAP - INFO - Processed 26400/111150 samples...
2026-10-06 12:09:35,775 - STRAP - INFO - Processed 26500/111150 samples...
2026-10-06 12:09:38,062 - STRAP - INFO - Processed 26600/111150 samples...
2026-10-06 12:09:40,374 - STRAP - INFO - Processed 26700/111150 samples...
2026-10-06 12:09:42,751 - STRAP - INFO - Processed 26800/111150 samples...
2026-10-06 12:09:45,231 - STRAP - INFO - Processed 26900/111150 samples...
2026-10-06 12:09:47,722 - STRAP - INFO - Processed 27000/111150 samples...
2026-10-06 12:09:50,210 - STRAP - INFO - Processed 27100/111150 samples...
2026-10-06 12:09:52,700 - STRAP - INFO - Processed 27200/111150 samples...
2026-10-06 12:09:55,182 - STRAP - INFO - Processed 27300/111150 samples...
2026-10-06 12:09:57,537 - STRAP - INFO - Processed 27400/111150 samples...
2026-10-06 12:10:00,019 - STRAP - INFO - Processed 27500/111150 samples...
2026-10-06 12:10:02,498 - STRAP - INFO - Processed 27600/111150 samples...
2026-10-06 12:10:04,978 - STRAP - INFO - Processed 27700/111150 samples...
2026-10-06 12:10:07,457 - STRAP - INFO - Processed 27800/111150 samples...
2026-10-06 12:10:09,936 - STRAP - INFO - Processed 27900/111150 samples...
2026-10-06 12:10:12,414 - STRAP - INFO - Processed 28000/111150 samples...
2026-10-06 12:10:14,891 - STRAP - INFO - Processed 28100/111150 samples...
2026-10-06 12:10:17,373 - STRAP - INFO - Processed 28200/111150 samples...
2026-10-06 12:10:19,848 - STRAP - INFO - Processed 28300/111150 samples...
2026-10-06 12:10:22,326 - STRAP - INFO - Processed 28400/111150 samples...
2026-10-06 12:10:24,805 - STRAP - INFO - Processed 28500/111150 samples...
2026-10-06 12:10:27,281 - STRAP - INFO - Processed 28600/111150 samples...
2026-10-06 12:10:29,760 - STRAP - INFO - Processed 28700/111150 samples...
2026-10-06 12:10:32,236 - STRAP - INFO - Processed 28800/111150 samples...
2026-10-06 12:10:34,715 - STRAP - INFO - Processed 28900/111150 samples...
2026-10-06 12:10:37,194 - STRAP - INFO - Processed 29000/111150 samples...
2026-10-06 12:10:39,670 - STRAP - INFO - Processed 29100/111150 samples...
2026-10-06 12:10:42,148 - STRAP - INFO - Processed 29200/111150 samples...
2026-10-06 12:10:44,627 - STRAP - INFO - Processed 29300/111150 samples...
2026-10-06 12:10:47,106 - STRAP - INFO - Processed 29400/111150 samples...
2026-10-06 12:10:49,583 - STRAP - INFO - Processed 29500/111150 samples...
2026-10-06 12:10:52,062 - STRAP - INFO - Processed 29600/111150 samples...
2026-10-06 12:10:54,540 - STRAP - INFO - Processed 29700/111150 samples...
2026-10-06 12:10:57,016 - STRAP - INFO - Processed 29800/111150 samples...
2026-10-06 12:10:59,495 - STRAP - INFO - Processed 29900/111150 samples...
2026-10-06 12:11:01,971 - STRAP - INFO - Processed 30000/111150 samples...
2026-10-06 12:11:04,450 - STRAP - INFO - Processed 30100/111150 samples...
2026-10-06 12:11:06,930 - STRAP - INFO - Processed 30200/111150 samples...
2026-10-06 12:11:09,407 - STRAP - INFO - Processed 30300/111150 samples...
2026-10-06 12:11:11,884 - STRAP - INFO - Processed 30400/111150 samples...
2026-10-06 12:11:14,362 - STRAP - INFO - Processed 30500/111150 samples...
2026-10-06 12:11:16,840 - STRAP - INFO - Processed 30600/111150 samples...
2026-10-06 12:11:19,317 - STRAP - INFO - Processed 30700/111150 samples...
2026-10-06 12:11:21,797 - STRAP - INFO - Processed 30800/111150 samples...
2026-10-06 12:11:24,274 - STRAP - INFO - Processed 30900/111150 samples...
2026-10-06 12:11:26,752 - STRAP - INFO - Processed 31000/111150 samples...
2026-10-06 12:11:29,231 - STRAP - INFO - Processed 31100/111150 samples...
2026-10-06 12:11:31,709 - STRAP - INFO - Processed 31200/111150 samples...
2026-10-06 12:11:34,187 - STRAP - INFO - Processed 31300/111150 samples...
2026-10-06 12:11:36,669 - STRAP - INFO - Processed 31400/111150 samples...
2026-10-06 12:11:39,145 - STRAP - INFO - Processed 31500/111150 samples...
2026-10-06 12:11:41,627 - STRAP - INFO - Processed 31600/111150 samples...
2026-10-06 12:11:44,107 - STRAP - INFO - Processed 31700/111150 samples...
2026-10-06 12:11:46,586 - STRAP - INFO - Processed 31800/111150 samples...
2026-10-06 12:11:49,068 - STRAP - INFO - Processed 31900/111150 samples...
2026-10-06 12:11:51,549 - STRAP - INFO - Processed 32000/111150 samples...
2026-10-06 12:11:54,030 - STRAP - INFO - Processed 32100/111150 samples...
2026-10-06 12:11:56,510 - STRAP - INFO - Processed 32200/111150 samples...
2026-10-06 12:11:58,978 - STRAP - INFO - Processed 32300/111150 samples...
2026-10-06 12:12:01,459 - STRAP - INFO - Processed 32400/111150 samples...
2026-10-06 12:12:03,941 - STRAP - INFO - Processed 32500/111150 samples...
2026-10-06 12:12:06,420 - STRAP - INFO - Processed 32600/111150 samples...
2026-10-06 12:12:08,901 - STRAP - INFO - Processed 32700/111150 samples...
2026-10-06 12:12:11,391 - STRAP - INFO - Processed 32800/111150 samples...
2026-10-06 12:12:13,870 - STRAP - INFO - Processed 32900/111150 samples...
2026-10-06 12:12:16,350 - STRAP - INFO - Processed 33000/111150 samples...
2026-10-06 12:12:18,832 - STRAP - INFO - Processed 33100/111150 samples...
2026-10-06 12:12:21,312 - STRAP - INFO - Processed 33200/111150 samples...
2026-10-06 12:12:23,792 - STRAP - INFO - Processed 33300/111150 samples...
2026-10-06 12:12:26,272 - STRAP - INFO - Processed 33400/111150 samples...
2026-10-06 12:12:28,750 - STRAP - INFO - Processed 33500/111150 samples...
2026-10-06 12:12:31,194 - STRAP - INFO - Processed 33600/111150 samples...
2026-10-06 12:12:33,452 - STRAP - INFO - Processed 33700/111150 samples...
2026-10-06 12:12:35,794 - STRAP - INFO - Processed 33800/111150 samples...
2026-10-06 12:12:38,189 - STRAP - INFO - Processed 33900/111150 samples...
2026-10-06 12:12:40,565 - STRAP - INFO - Processed 34000/111150 samples...
2026-10-06 12:12:42,939 - STRAP - INFO - Processed 34100/111150 samples...
2026-10-06 12:12:45,314 - STRAP - INFO - Processed 34200/111150 samples...
2026-10-06 12:12:47,692 - STRAP - INFO - Processed 34300/111150 samples...
2026-10-06 12:12:50,079 - STRAP - INFO - Processed 34400/111150 samples...
2026-10-06 12:12:52,567 - STRAP - INFO - Processed 34500/111150 samples...
2026-10-06 12:12:55,057 - STRAP - INFO - Processed 34600/111150 samples...
2026-10-06 12:12:57,544 - STRAP - INFO - Processed 34700/111150 samples...
2026-10-06 12:13:00,034 - STRAP - INFO - Processed 34800/111150 samples...
2026-10-06 12:13:02,521 - STRAP - INFO - Processed 34900/111150 samples...
2026-10-06 12:13:05,009 - STRAP - INFO - Processed 35000/111150 samples...
2026-10-06 12:13:07,494 - STRAP - INFO - Processed 35100/111150 samples...
2026-10-06 12:13:09,984 - STRAP - INFO - Processed 35200/111150 samples...
2026-10-06 12:13:12,471 - STRAP - INFO - Processed 35300/111150 samples...
2026-10-06 12:13:14,957 - STRAP - INFO - Processed 35400/111150 samples...
2026-10-06 12:13:17,444 - STRAP - INFO - Processed 35500/111150 samples...
2026-10-06 12:13:19,932 - STRAP - INFO - Processed 35600/111150 samples...
2026-10-06 12:13:22,419 - STRAP - INFO - Processed 35700/111150 samples...
2026-10-06 12:13:24,904 - STRAP - INFO - Processed 35800/111150 samples...
2026-10-06 12:13:27,391 - STRAP - INFO - Processed 35900/111150 samples...
2026-10-06 12:13:29,879 - STRAP - INFO - Processed 36000/111150 samples...
2026-10-06 12:13:32,367 - STRAP - INFO - Processed 36100/111150 samples...
2026-10-06 12:13:34,853 - STRAP - INFO - Processed 36200/111150 samples...
2026-10-06 12:13:37,341 - STRAP - INFO - Processed 36300/111150 samples...
2026-10-06 12:13:39,831 - STRAP - INFO - Processed 36400/111150 samples...
2026-10-06 12:13:42,317 - STRAP - INFO - Processed 36500/111150 samples...
2026-10-06 12:13:44,804 - STRAP - INFO - Processed 36600/111150 samples...
2026-10-06 12:13:47,292 - STRAP - INFO - Processed 36700/111150 samples...
2026-10-06 12:13:49,781 - STRAP - INFO - Processed 36800/111150 samples...
2026-10-06 12:13:52,260 - STRAP - INFO - Processed 36900/111150 samples...
2026-10-06 12:13:54,750 - STRAP - INFO - Processed 37000/111150 samples...
2026-10-06 12:13:57,240 - STRAP - INFO - Processed 37100/111150 samples...
2026-10-06 12:13:59,728 - STRAP - INFO - Processed 37200/111150 samples...
2026-10-06 12:14:02,220 - STRAP - INFO - Processed 37300/111150 samples...
2026-10-06 12:14:04,711 - STRAP - INFO - Processed 37400/111150 samples...
2026-10-06 12:14:07,202 - STRAP - INFO - Processed 37500/111150 samples...
2026-10-06 12:14:09,690 - STRAP - INFO - Processed 37600/111150 samples...
2026-10-06 12:14:12,177 - STRAP - INFO - Processed 37700/111150 samples...
2026-10-06 12:14:14,664 - STRAP - INFO - Processed 37800/111150 samples...
2026-10-06 12:14:17,151 - STRAP - INFO - Processed 37900/111150 samples...
2026-10-06 12:14:19,641 - STRAP - INFO - Processed 38000/111150 samples...
2026-10-06 12:14:22,127 - STRAP - INFO - Processed 38100/111150 samples...
2026-10-06 12:14:24,614 - STRAP - INFO - Processed 38200/111150 samples...
2026-10-06 12:14:27,104 - STRAP - INFO - Processed 38300/111150 samples...
2026-10-06 12:14:29,593 - STRAP - INFO - Processed 38400/111150 samples...
2026-10-06 12:14:32,080 - STRAP - INFO - Processed 38500/111150 samples...
2026-10-06 12:14:34,570 - STRAP - INFO - Processed 38600/111150 samples...
2026-10-06 12:14:37,059 - STRAP - INFO - Processed 38700/111150 samples...
2026-10-06 12:14:39,547 - STRAP - INFO - Processed 38800/111150 samples...
2026-10-06 12:14:42,034 - STRAP - INFO - Processed 38900/111150 samples...
2026-10-06 12:14:44,527 - STRAP - INFO - Processed 39000/111150 samples...
2026-10-06 12:14:47,014 - STRAP - INFO - Processed 39100/111150 samples...
2026-10-06 12:14:49,504 - STRAP - INFO - Processed 39200/111150 samples...
2026-10-06 12:14:51,995 - STRAP - INFO - Processed 39300/111150 samples...
2026-10-06 12:14:54,486 - STRAP - INFO - Processed 39400/111150 samples...
2026-10-06 12:14:56,976 - STRAP - INFO - Processed 39500/111150 samples...
2026-10-06 12:14:59,466 - STRAP - INFO - Processed 39600/111150 samples...
2026-10-06 12:15:01,953 - STRAP - INFO - Processed 39700/111150 samples...
2026-10-06 12:15:04,444 - STRAP - INFO - Processed 39800/111150 samples...
2026-10-06 12:15:06,931 - STRAP - INFO - Processed 39900/111150 samples...
2026-10-06 12:15:09,418 - STRAP - INFO - Processed 40000/111150 samples...
2026-10-06 12:15:11,906 - STRAP - INFO - Processed 40100/111150 samples...
2026-10-06 12:15:14,394 - STRAP - INFO - Processed 40200/111150 samples...
2026-10-06 12:15:16,883 - STRAP - INFO - Processed 40300/111150 samples...
2026-10-06 12:15:19,372 - STRAP - INFO - Processed 40400/111150 samples...
2026-10-06 12:15:21,859 - STRAP - INFO - Processed 40500/111150 samples...
2026-10-06 12:15:24,349 - STRAP - INFO - Processed 40600/111150 samples...
2026-10-06 12:15:26,837 - STRAP - INFO - Processed 40700/111150 samples...
2026-10-06 12:15:29,323 - STRAP - INFO - Processed 40800/111150 samples...
2026-10-06 12:15:31,811 - STRAP - INFO - Processed 40900/111150 samples...
2026-10-06 12:15:34,302 - STRAP - INFO - Processed 41000/111150 samples...
2026-10-06 12:15:36,791 - STRAP - INFO - Processed 41100/111150 samples...
2026-10-06 12:15:39,277 - STRAP - INFO - Processed 41200/111150 samples...
2026-10-06 12:15:41,765 - STRAP - INFO - Processed 41300/111150 samples...
2026-10-06 12:15:44,250 - STRAP - INFO - Processed 41400/111150 samples...
2026-10-06 12:15:46,739 - STRAP - INFO - Processed 41500/111150 samples...
2026-10-06 12:15:49,225 - STRAP - INFO - Processed 41600/111150 samples...
2026-10-06 12:15:51,710 - STRAP - INFO - Processed 41700/111150 samples...
2026-10-06 12:15:54,197 - STRAP - INFO - Processed 41800/111150 samples...
2026-10-06 12:15:56,685 - STRAP - INFO - Processed 41900/111150 samples...
2026-10-06 12:15:59,173 - STRAP - INFO - Processed 42000/111150 samples...
2026-10-06 12:16:01,660 - STRAP - INFO - Processed 42100/111150 samples...
2026-10-06 12:16:04,147 - STRAP - INFO - Processed 42200/111150 samples...
2026-10-06 12:16:06,633 - STRAP - INFO - Processed 42300/111150 samples...
2026-10-06 12:16:09,119 - STRAP - INFO - Processed 42400/111150 samples...
2026-10-06 12:16:11,610 - STRAP - INFO - Processed 42500/111150 samples...
2026-10-06 12:16:14,101 - STRAP - INFO - Processed 42600/111150 samples...
2026-10-06 12:16:16,590 - STRAP - INFO - Processed 42700/111150 samples...
2026-10-06 12:16:19,074 - STRAP - INFO - Processed 42800/111150 samples...
2026-10-06 12:16:21,558 - STRAP - INFO - Processed 42900/111150 samples...
2026-10-06 12:16:24,049 - STRAP - INFO - Processed 43000/111150 samples...
2026-10-06 12:16:26,537 - STRAP - INFO - Processed 43100/111150 samples...
2026-10-06 12:16:29,027 - STRAP - INFO - Processed 43200/111150 samples...
2026-10-06 12:16:31,513 - STRAP - INFO - Processed 43300/111150 samples...
2026-10-06 12:16:34,000 - STRAP - INFO - Processed 43400/111150 samples...
2026-10-06 12:16:36,491 - STRAP - INFO - Processed 43500/111150 samples...
2026-10-06 12:16:38,978 - STRAP - INFO - Processed 43600/111150 samples...
2026-10-06 12:16:41,462 - STRAP - INFO - Processed 43700/111150 samples...
2026-10-06 12:16:43,948 - STRAP - INFO - Processed 43800/111150 samples...
2026-10-06 12:16:46,433 - STRAP - INFO - Processed 43900/111150 samples...
2026-10-06 12:16:48,924 - STRAP - INFO - Processed 44000/111150 samples...
2026-10-06 12:16:51,415 - STRAP - INFO - Processed 44100/111150 samples...
2026-10-06 12:16:53,906 - STRAP - INFO - Processed 44200/111150 samples...
2026-10-06 12:16:56,392 - STRAP - INFO - Processed 44300/111150 samples...
2026-10-06 12:16:58,877 - STRAP - INFO - Processed 44400/111150 samples...
2026-10-06 12:17:01,363 - STRAP - INFO - Processed 44500/111150 samples...
2026-10-06 12:17:03,850 - STRAP - INFO - Processed 44600/111150 samples...
2026-10-06 12:17:06,339 - STRAP - INFO - Processed 44700/111150 samples...
2026-10-06 12:17:08,765 - STRAP - INFO - Processed 44800/111150 samples...
2026-10-06 12:17:11,141 - STRAP - INFO - Processed 44900/111150 samples...
2026-10-06 12:17:13,456 - STRAP - INFO - Processed 45000/111150 samples...
2026-10-06 12:17:15,742 - STRAP - INFO - Processed 45100/111150 samples...
2026-10-06 12:17:18,031 - STRAP - INFO - Processed 45200/111150 samples...
2026-10-06 12:17:20,318 - STRAP - INFO - Processed 45300/111150 samples...
2026-10-06 12:17:22,708 - STRAP - INFO - Processed 45400/111150 samples...
2026-10-06 12:17:25,196 - STRAP - INFO - Processed 45500/111150 samples...
2026-10-06 12:17:27,685 - STRAP - INFO - Processed 45600/111150 samples...
2026-10-06 12:17:30,172 - STRAP - INFO - Processed 45700/111150 samples...
2026-10-06 12:17:32,661 - STRAP - INFO - Processed 45800/111150 samples...
2026-10-06 12:17:35,150 - STRAP - INFO - Processed 45900/111150 samples...
2026-10-06 12:17:37,641 - STRAP - INFO - Processed 46000/111150 samples...
2026-10-06 12:17:40,129 - STRAP - INFO - Processed 46100/111150 samples...
2026-10-06 12:17:42,617 - STRAP - INFO - Processed 46200/111150 samples...
2026-10-06 12:17:45,105 - STRAP - INFO - Processed 46300/111150 samples...
2026-10-06 12:17:47,594 - STRAP - INFO - Processed 46400/111150 samples...
2026-10-06 12:17:50,082 - STRAP - INFO - Processed 46500/111150 samples...
2026-10-06 12:17:52,568 - STRAP - INFO - Processed 46600/111150 samples...
2026-10-06 12:17:55,059 - STRAP - INFO - Processed 46700/111150 samples...
2026-10-06 12:17:57,548 - STRAP - INFO - Processed 46800/111150 samples...
2026-10-06 12:18:00,038 - STRAP - INFO - Processed 46900/111150 samples...
2026-10-06 12:18:02,527 - STRAP - INFO - Processed 47000/111150 samples...
2026-10-06 12:18:05,015 - STRAP - INFO - Processed 47100/111150 samples...
2026-10-06 12:18:07,505 - STRAP - INFO - Processed 47200/111150 samples...
2026-10-06 12:18:09,995 - STRAP - INFO - Processed 47300/111150 samples...
2026-10-06 12:18:12,484 - STRAP - INFO - Processed 47400/111150 samples...
2026-10-06 12:18:14,975 - STRAP - INFO - Processed 47500/111150 samples...
2026-10-06 12:18:17,462 - STRAP - INFO - Processed 47600/111150 samples...
2026-10-06 12:18:19,949 - STRAP - INFO - Processed 47700/111150 samples...
2026-10-06 12:18:22,439 - STRAP - INFO - Processed 47800/111150 samples...
2026-10-06 12:18:24,928 - STRAP - INFO - Processed 47900/111150 samples...
2026-10-06 12:18:27,417 - STRAP - INFO - Processed 48000/111150 samples...
2026-10-06 12:18:29,904 - STRAP - INFO - Processed 48100/111150 samples...
2026-10-06 12:18:32,392 - STRAP - INFO - Processed 48200/111150 samples...
2026-10-06 12:18:34,880 - STRAP - INFO - Processed 48300/111150 samples...
2026-10-06 12:18:37,368 - STRAP - INFO - Processed 48400/111150 samples...
2026-10-06 12:18:39,859 - STRAP - INFO - Processed 48500/111150 samples...
2026-10-06 12:18:42,349 - STRAP - INFO - Processed 48600/111150 samples...
2026-10-06 12:18:44,836 - STRAP - INFO - Processed 48700/111150 samples...
2026-10-06 12:18:47,324 - STRAP - INFO - Processed 48800/111150 samples...
2026-10-06 12:18:49,814 - STRAP - INFO - Processed 48900/111150 samples...
2026-10-06 12:18:52,303 - STRAP - INFO - Processed 49000/111150 samples...
2026-10-06 12:18:54,792 - STRAP - INFO - Processed 49100/111150 samples...
2026-10-06 12:18:57,282 - STRAP - INFO - Processed 49200/111150 samples...
2026-10-06 12:18:59,769 - STRAP - INFO - Processed 49300/111150 samples...
2026-10-06 12:19:02,256 - STRAP - INFO - Processed 49400/111150 samples...
2026-10-06 12:19:04,744 - STRAP - INFO - Processed 49500/111150 samples...
2026-10-06 12:19:07,233 - STRAP - INFO - Processed 49600/111150 samples...
2026-10-06 12:19:09,723 - STRAP - INFO - Processed 49700/111150 samples...
2026-10-06 12:19:12,208 - STRAP - INFO - Processed 49800/111150 samples...
2026-10-06 12:19:14,693 - STRAP - INFO - Processed 49900/111150 samples...
2026-10-06 12:19:17,179 - STRAP - INFO - Processed 50000/111150 samples...
2026-10-06 12:19:19,665 - STRAP - INFO - Processed 50100/111150 samples...
2026-10-06 12:19:22,151 - STRAP - INFO - Processed 50200/111150 samples...
2026-10-06 12:19:24,638 - STRAP - INFO - Processed 50300/111150 samples...
2026-10-06 12:19:27,127 - STRAP - INFO - Processed 50400/111150 samples...
2026-10-06 12:19:29,616 - STRAP - INFO - Processed 50500/111150 samples...
2026-10-06 12:19:32,104 - STRAP - INFO - Processed 50600/111150 samples...
2026-10-06 12:19:34,593 - STRAP - INFO - Processed 50700/111150 samples...
2026-10-06 12:19:37,079 - STRAP - INFO - Processed 50800/111150 samples...
2026-10-06 12:19:39,570 - STRAP - INFO - Processed 50900/111150 samples...
2026-10-06 12:19:42,060 - STRAP - INFO - Processed 51000/111150 samples...
2026-10-06 12:19:44,550 - STRAP - INFO - Processed 51100/111150 samples...
2026-10-06 12:19:47,038 - STRAP - INFO - Processed 51200/111150 samples...
2026-10-06 12:19:49,526 - STRAP - INFO - Processed 51300/111150 samples...
2026-10-06 12:19:52,014 - STRAP - INFO - Processed 51400/111150 samples...
2026-10-06 12:19:54,501 - STRAP - INFO - Processed 51500/111150 samples...
2026-10-06 12:19:56,964 - STRAP - INFO - Processed 51600/111150 samples...
2026-10-06 12:19:59,452 - STRAP - INFO - Processed 51700/111150 samples...
2026-10-06 12:20:01,942 - STRAP - INFO - Processed 51800/111150 samples...
2026-10-06 12:20:04,430 - STRAP - INFO - Processed 51900/111150 samples...
2026-10-06 12:20:06,918 - STRAP - INFO - Processed 52000/111150 samples...
2026-10-06 12:20:09,400 - STRAP - INFO - Processed 52100/111150 samples...
2026-10-06 12:20:11,887 - STRAP - INFO - Processed 52200/111150 samples...
2026-10-06 12:20:14,376 - STRAP - INFO - Processed 52300/111150 samples...
2026-10-06 12:20:16,865 - STRAP - INFO - Processed 52400/111150 samples...
2026-10-06 12:20:19,352 - STRAP - INFO - Processed 52500/111150 samples...
2026-10-06 12:20:21,835 - STRAP - INFO - Processed 52600/111150 samples...
2026-10-06 12:20:24,321 - STRAP - INFO - Processed 52700/111150 samples...
2026-10-06 12:20:26,809 - STRAP - INFO - Processed 52800/111150 samples...
2026-10-06 12:20:29,295 - STRAP - INFO - Processed 52900/111150 samples...
2026-10-06 12:20:31,783 - STRAP - INFO - Processed 53000/111150 samples...
2026-10-06 12:20:34,269 - STRAP - INFO - Processed 53100/111150 samples...
2026-10-06 12:20:36,756 - STRAP - INFO - Processed 53200/111150 samples...
2026-10-06 12:20:39,245 - STRAP - INFO - Processed 53300/111150 samples...
2026-10-06 12:20:41,735 - STRAP - INFO - Processed 53400/111150 samples...
2026-10-06 12:20:44,222 - STRAP - INFO - Processed 53500/111150 samples...
2026-10-06 12:20:46,706 - STRAP - INFO - Processed 53600/111150 samples...
2026-10-06 12:20:49,196 - STRAP - INFO - Processed 53700/111150 samples...
2026-10-06 12:20:51,698 - STRAP - INFO - Processed 53800/111150 samples...
2026-10-06 12:20:54,189 - STRAP - INFO - Processed 53900/111150 samples...
2026-10-06 12:20:56,678 - STRAP - INFO - Processed 54000/111150 samples...
2026-10-06 12:20:59,163 - STRAP - INFO - Processed 54100/111150 samples...
2026-10-06 12:21:01,647 - STRAP - INFO - Processed 54200/111150 samples...
2026-10-06 12:21:04,132 - STRAP - INFO - Processed 54300/111150 samples...
2026-10-06 12:21:06,620 - STRAP - INFO - Processed 54400/111150 samples...
2026-10-06 12:21:09,109 - STRAP - INFO - Processed 54500/111150 samples...
2026-10-06 12:21:11,596 - STRAP - INFO - Processed 54600/111150 samples...
2026-10-06 12:21:14,090 - STRAP - INFO - Processed 54700/111150 samples...
2026-10-06 12:21:16,579 - STRAP - INFO - Processed 54800/111150 samples...
2026-10-06 12:21:19,072 - STRAP - INFO - Processed 54900/111150 samples...
2026-10-06 12:21:21,560 - STRAP - INFO - Processed 55000/111150 samples...
2026-10-06 12:21:24,045 - STRAP - INFO - Processed 55100/111150 samples...
2026-10-06 12:21:26,532 - STRAP - INFO - Processed 55200/111150 samples...
2026-10-06 12:21:29,021 - STRAP - INFO - Processed 55300/111150 samples...
2026-10-06 12:21:31,529 - STRAP - INFO - Processed 55400/111150 samples...
2026-10-06 12:21:34,016 - STRAP - INFO - Processed 55500/111150 samples...
2026-10-06 12:21:36,498 - STRAP - INFO - Processed 55600/111150 samples...
2026-10-06 12:21:38,985 - STRAP - INFO - Processed 55700/111150 samples...
2026-10-06 12:21:41,470 - STRAP - INFO - Processed 55800/111150 samples...
2026-10-06 12:21:43,958 - STRAP - INFO - Processed 55900/111150 samples...
2026-10-06 12:21:46,450 - STRAP - INFO - Processed 56000/111150 samples...
2026-10-06 12:21:48,938 - STRAP - INFO - Processed 56100/111150 samples...
2026-10-06 12:21:51,428 - STRAP - INFO - Processed 56200/111150 samples...
2026-10-06 12:21:53,914 - STRAP - INFO - Processed 56300/111150 samples...
2026-10-06 12:21:56,399 - STRAP - INFO - Processed 56400/111150 samples...
2026-10-06 12:21:58,888 - STRAP - INFO - Processed 56500/111150 samples...
2026-10-06 12:22:01,377 - STRAP - INFO - Processed 56600/111150 samples...
2026-10-06 12:22:03,865 - STRAP - INFO - Processed 56700/111150 samples...
2026-10-06 12:22:06,352 - STRAP - INFO - Processed 56800/111150 samples...
2026-10-06 12:22:08,838 - STRAP - INFO - Processed 56900/111150 samples...
2026-10-06 12:22:11,323 - STRAP - INFO - Processed 57000/111150 samples...
2026-10-06 12:22:13,811 - STRAP - INFO - Processed 57100/111150 samples...
2026-10-06 12:22:16,297 - STRAP - INFO - Processed 57200/111150 samples...
2026-10-06 12:22:18,787 - STRAP - INFO - Processed 57300/111150 samples...
2026-10-06 12:22:21,274 - STRAP - INFO - Processed 57400/111150 samples...
2026-10-06 12:22:23,763 - STRAP - INFO - Processed 57500/111150 samples...
2026-10-06 12:22:26,252 - STRAP - INFO - Processed 57600/111150 samples...
2026-10-06 12:22:28,741 - STRAP - INFO - Processed 57700/111150 samples...
2026-10-06 12:22:31,230 - STRAP - INFO - Processed 57800/111150 samples...
2026-10-06 12:22:33,717 - STRAP - INFO - Processed 57900/111150 samples...
2026-10-06 12:22:36,205 - STRAP - INFO - Processed 58000/111150 samples...
2026-10-06 12:22:38,664 - STRAP - INFO - Processed 58100/111150 samples...
2026-10-06 12:22:40,992 - STRAP - INFO - Processed 58200/111150 samples...
2026-10-06 12:22:43,325 - STRAP - INFO - Processed 58300/111150 samples...
2026-10-06 12:22:45,608 - STRAP - INFO - Processed 58400/111150 samples...
2026-10-06 12:22:47,893 - STRAP - INFO - Processed 58500/111150 samples...
2026-10-06 12:22:50,181 - STRAP - INFO - Processed 58600/111150 samples...
2026-10-06 12:22:52,468 - STRAP - INFO - Processed 58700/111150 samples...
2026-10-06 12:22:54,758 - STRAP - INFO - Processed 58800/111150 samples...
2026-10-06 12:22:57,044 - STRAP - INFO - Processed 58900/111150 samples...
2026-10-06 12:22:59,330 - STRAP - INFO - Processed 59000/111150 samples...
2026-10-06 12:23:01,616 - STRAP - INFO - Processed 59100/111150 samples...
2026-10-06 12:23:03,902 - STRAP - INFO - Processed 59200/111150 samples...
2026-10-06 12:23:06,190 - STRAP - INFO - Processed 59300/111150 samples...
2026-10-06 12:23:08,475 - STRAP - INFO - Processed 59400/111150 samples...
2026-10-06 12:23:10,758 - STRAP - INFO - Processed 59500/111150 samples...
2026-10-06 12:23:13,040 - STRAP - INFO - Processed 59600/111150 samples...
2026-10-06 12:23:15,325 - STRAP - INFO - Processed 59700/111150 samples...
2026-10-06 12:23:17,605 - STRAP - INFO - Processed 59800/111150 samples...
2026-10-06 12:23:19,894 - STRAP - INFO - Processed 59900/111150 samples...
2026-10-06 12:23:22,185 - STRAP - INFO - Processed 60000/111150 samples...
2026-10-06 12:23:24,469 - STRAP - INFO - Processed 60100/111150 samples...
2026-10-06 12:23:26,754 - STRAP - INFO - Processed 60200/111150 samples...
2026-10-06 12:23:29,039 - STRAP - INFO - Processed 60300/111150 samples...
2026-10-06 12:23:31,324 - STRAP - INFO - Processed 60400/111150 samples...
2026-10-06 12:23:33,611 - STRAP - INFO - Processed 60500/111150 samples...
2026-10-06 12:23:35,893 - STRAP - INFO - Processed 60600/111150 samples...
2026-10-06 12:23:38,167 - STRAP - INFO - Processed 60700/111150 samples...
2026-10-06 12:23:40,452 - STRAP - INFO - Processed 60800/111150 samples...
2026-10-06 12:23:42,738 - STRAP - INFO - Processed 60900/111150 samples...
2026-10-06 12:23:45,020 - STRAP - INFO - Processed 61000/111150 samples...
2026-10-06 12:23:47,305 - STRAP - INFO - Processed 61100/111150 samples...
2026-10-06 12:23:49,595 - STRAP - INFO - Processed 61200/111150 samples...
2026-10-06 12:23:51,880 - STRAP - INFO - Processed 61300/111150 samples...
2026-10-06 12:23:54,162 - STRAP - INFO - Processed 61400/111150 samples...
2026-10-06 12:23:56,449 - STRAP - INFO - Processed 61500/111150 samples...
2026-10-06 12:23:58,734 - STRAP - INFO - Processed 61600/111150 samples...
2026-10-06 12:24:01,018 - STRAP - INFO - Processed 61700/111150 samples...
2026-10-06 12:24:03,341 - STRAP - INFO - Processed 61800/111150 samples...
2026-10-06 12:24:05,616 - STRAP - INFO - Processed 61900/111150 samples...
2026-10-06 12:24:07,895 - STRAP - INFO - Processed 62000/111150 samples...
2026-10-06 12:24:10,178 - STRAP - INFO - Processed 62100/111150 samples...
2026-10-06 12:24:12,591 - STRAP - INFO - Processed 62200/111150 samples...
2026-10-06 12:24:14,973 - STRAP - INFO - Processed 62300/111150 samples...
2026-10-06 12:24:17,348 - STRAP - INFO - Processed 62400/111150 samples...
2026-10-06 12:24:19,721 - STRAP - INFO - Processed 62500/111150 samples...
2026-10-06 12:24:22,084 - STRAP - INFO - Processed 62600/111150 samples...
2026-10-06 12:24:24,505 - STRAP - INFO - Processed 62700/111150 samples...
2026-10-06 12:24:26,992 - STRAP - INFO - Processed 62800/111150 samples...
2026-10-06 12:24:29,477 - STRAP - INFO - Processed 62900/111150 samples...
2026-10-06 12:24:31,964 - STRAP - INFO - Processed 63000/111150 samples...
2026-10-06 12:24:34,454 - STRAP - INFO - Processed 63100/111150 samples...
2026-10-06 12:24:36,942 - STRAP - INFO - Processed 63200/111150 samples...
2026-10-06 12:24:39,426 - STRAP - INFO - Processed 63300/111150 samples...
2026-10-06 12:24:41,916 - STRAP - INFO - Processed 63400/111150 samples...
2026-10-06 12:24:44,399 - STRAP - INFO - Processed 63500/111150 samples...
2026-10-06 12:24:46,886 - STRAP - INFO - Processed 63600/111150 samples...
2026-10-06 12:24:49,376 - STRAP - INFO - Processed 63700/111150 samples...
2026-10-06 12:24:51,857 - STRAP - INFO - Processed 63800/111150 samples...
2026-10-06 12:24:54,345 - STRAP - INFO - Processed 63900/111150 samples...
2026-10-06 12:24:56,832 - STRAP - INFO - Processed 64000/111150 samples...
2026-10-06 12:24:59,305 - STRAP - INFO - Processed 64100/111150 samples...
2026-10-06 12:25:01,776 - STRAP - INFO - Processed 64200/111150 samples...
2026-10-06 12:25:04,251 - STRAP - INFO - Processed 64300/111150 samples...
2026-10-06 12:25:06,711 - STRAP - INFO - Processed 64400/111150 samples...
2026-10-06 12:25:09,196 - STRAP - INFO - Processed 64500/111150 samples...
2026-10-06 12:25:11,679 - STRAP - INFO - Processed 64600/111150 samples...
2026-10-06 12:25:14,164 - STRAP - INFO - Processed 64700/111150 samples...
2026-10-06 12:25:16,651 - STRAP - INFO - Processed 64800/111150 samples...
2026-10-06 12:25:19,124 - STRAP - INFO - Processed 64900/111150 samples...
2026-10-06 12:25:21,612 - STRAP - INFO - Processed 65000/111150 samples...
2026-10-06 12:25:24,101 - STRAP - INFO - Processed 65100/111150 samples...
2026-10-06 12:25:26,589 - STRAP - INFO - Processed 65200/111150 samples...
2026-10-06 12:25:29,080 - STRAP - INFO - Processed 65300/111150 samples...
2026-10-06 12:25:31,573 - STRAP - INFO - Processed 65400/111150 samples...
2026-10-06 12:25:34,063 - STRAP - INFO - Processed 65500/111150 samples...
2026-10-06 12:25:36,554 - STRAP - INFO - Processed 65600/111150 samples...
2026-10-06 12:25:39,045 - STRAP - INFO - Processed 65700/111150 samples...
2026-10-06 12:25:41,532 - STRAP - INFO - Processed 65800/111150 samples...
2026-10-06 12:25:43,968 - STRAP - INFO - Processed 65900/111150 samples...
2026-10-06 12:25:46,322 - STRAP - INFO - Processed 66000/111150 samples...
2026-10-06 12:25:48,592 - STRAP - INFO - Processed 66100/111150 samples...
2026-10-06 12:25:50,850 - STRAP - INFO - Processed 66200/111150 samples...
2026-10-06 12:25:53,172 - STRAP - INFO - Processed 66300/111150 samples...
2026-10-06 12:25:55,619 - STRAP - INFO - Processed 66400/111150 samples...
2026-10-06 12:25:58,098 - STRAP - INFO - Processed 66500/111150 samples...
2026-10-06 12:26:00,578 - STRAP - INFO - Processed 66600/111150 samples...
2026-10-06 12:26:03,060 - STRAP - INFO - Processed 66700/111150 samples...
2026-10-06 12:26:05,540 - STRAP - INFO - Processed 66800/111150 samples...
2026-10-06 12:26:08,023 - STRAP - INFO - Processed 66900/111150 samples...
2026-10-06 12:26:10,504 - STRAP - INFO - Processed 67000/111150 samples...
2026-10-06 12:26:12,985 - STRAP - INFO - Processed 67100/111150 samples...
2026-10-06 12:26:15,466 - STRAP - INFO - Processed 67200/111150 samples...
2026-10-06 12:26:17,947 - STRAP - INFO - Processed 67300/111150 samples...
2026-10-06 12:26:20,425 - STRAP - INFO - Processed 67400/111150 samples...
2026-10-06 12:26:22,904 - STRAP - INFO - Processed 67500/111150 samples...
2026-10-06 12:26:25,364 - STRAP - INFO - Processed 67600/111150 samples...
2026-10-06 12:26:27,732 - STRAP - INFO - Processed 67700/111150 samples...
2026-10-06 12:26:30,086 - STRAP - INFO - Processed 67800/111150 samples...
2026-10-06 12:26:32,523 - STRAP - INFO - Processed 67900/111150 samples...
2026-10-06 12:26:34,913 - STRAP - INFO - Processed 68000/111150 samples...
2026-10-06 12:26:37,269 - STRAP - INFO - Processed 68100/111150 samples...
2026-10-06 12:26:39,615 - STRAP - INFO - Processed 68200/111150 samples...
2026-10-06 12:26:42,038 - STRAP - INFO - Processed 68300/111150 samples...
2026-10-06 12:26:44,501 - STRAP - INFO - Processed 68400/111150 samples...
2026-10-06 12:26:46,873 - STRAP - INFO - Processed 68500/111150 samples...
2026-10-06 12:26:49,325 - STRAP - INFO - Processed 68600/111150 samples...
2026-10-06 12:26:51,769 - STRAP - INFO - Processed 68700/111150 samples...
2026-10-06 12:26:54,178 - STRAP - INFO - Processed 68800/111150 samples...
2026-10-06 12:26:56,588 - STRAP - INFO - Processed 68900/111150 samples...
2026-10-06 12:26:59,022 - STRAP - INFO - Processed 69000/111150 samples...
2026-10-06 12:27:01,350 - STRAP - INFO - Processed 69100/111150 samples...
2026-10-06 12:27:03,787 - STRAP - INFO - Processed 69200/111150 samples...
2026-10-06 12:27:06,248 - STRAP - INFO - Processed 69300/111150 samples...
2026-10-06 12:27:08,645 - STRAP - INFO - Processed 69400/111150 samples...
2026-10-06 12:27:10,996 - STRAP - INFO - Processed 69500/111150 samples...
2026-10-06 12:27:13,394 - STRAP - INFO - Processed 69600/111150 samples...
2026-10-06 12:27:15,766 - STRAP - INFO - Processed 69700/111150 samples...
2026-10-06 12:27:18,138 - STRAP - INFO - Processed 69800/111150 samples...
2026-10-06 12:27:20,511 - STRAP - INFO - Processed 69900/111150 samples...
2026-10-06 12:27:22,888 - STRAP - INFO - Processed 70000/111150 samples...
2026-10-06 12:27:25,315 - STRAP - INFO - Processed 70100/111150 samples...
2026-10-06 12:27:27,734 - STRAP - INFO - Processed 70200/111150 samples...
2026-10-06 12:27:30,137 - STRAP - INFO - Processed 70300/111150 samples...
2026-10-06 12:27:32,508 - STRAP - INFO - Processed 70400/111150 samples...
2026-10-06 12:27:34,883 - STRAP - INFO - Processed 70500/111150 samples...
2026-10-06 12:27:37,252 - STRAP - INFO - Processed 70600/111150 samples...
2026-10-06 12:27:39,624 - STRAP - INFO - Processed 70700/111150 samples...
2026-10-06 12:27:42,118 - STRAP - INFO - Processed 70800/111150 samples...
2026-10-06 12:27:44,619 - STRAP - INFO - Processed 70900/111150 samples...
2026-10-06 12:27:47,127 - STRAP - INFO - Processed 71000/111150 samples...
2026-10-06 12:27:49,628 - STRAP - INFO - Processed 71100/111150 samples...
2026-10-06 12:27:52,130 - STRAP - INFO - Processed 71200/111150 samples...
2026-10-06 12:27:54,635 - STRAP - INFO - Processed 71300/111150 samples...
2026-10-06 12:27:57,137 - STRAP - INFO - Processed 71400/111150 samples...
2026-10-06 12:27:59,639 - STRAP - INFO - Processed 71500/111150 samples...
2026-10-06 12:28:02,142 - STRAP - INFO - Processed 71600/111150 samples...
2026-10-06 12:28:04,645 - STRAP - INFO - Processed 71700/111150 samples...
2026-10-06 12:28:07,147 - STRAP - INFO - Processed 71800/111150 samples...
2026-10-06 12:28:09,648 - STRAP - INFO - Processed 71900/111150 samples...
2026-10-06 12:28:12,149 - STRAP - INFO - Processed 72000/111150 samples...
2026-10-06 12:28:14,652 - STRAP - INFO - Processed 72100/111150 samples...
2026-10-06 12:28:17,066 - STRAP - INFO - Processed 72200/111150 samples...
2026-10-06 12:28:19,461 - STRAP - INFO - Processed 72300/111150 samples...
2026-10-06 12:28:21,841 - STRAP - INFO - Processed 72400/111150 samples...
2026-10-06 12:28:24,124 - STRAP - INFO - Processed 72500/111150 samples...
2026-10-06 12:28:26,409 - STRAP - INFO - Processed 72600/111150 samples...
2026-10-06 12:28:28,698 - STRAP - INFO - Processed 72700/111150 samples...
2026-10-06 12:28:31,097 - STRAP - INFO - Processed 72800/111150 samples...
2026-10-06 12:28:33,489 - STRAP - INFO - Processed 72900/111150 samples...
2026-10-06 12:28:35,938 - STRAP - INFO - Processed 73000/111150 samples...
2026-10-06 12:28:38,311 - STRAP - INFO - Processed 73100/111150 samples...
2026-10-06 12:28:40,701 - STRAP - INFO - Processed 73200/111150 samples...
2026-10-06 12:28:43,127 - STRAP - INFO - Processed 73300/111150 samples...
2026-10-06 12:28:45,504 - STRAP - INFO - Processed 73400/111150 samples...
2026-10-06 12:28:47,914 - STRAP - INFO - Processed 73500/111150 samples...
2026-10-06 12:28:50,336 - STRAP - INFO - Processed 73600/111150 samples...
2026-10-06 12:28:52,751 - STRAP - INFO - Processed 73700/111150 samples...
2026-10-06 12:28:55,167 - STRAP - INFO - Processed 73800/111150 samples...
2026-10-06 12:28:57,592 - STRAP - INFO - Processed 73900/111150 samples...
2026-10-06 12:29:00,045 - STRAP - INFO - Processed 74000/111150 samples...
2026-10-06 12:29:02,547 - STRAP - INFO - Processed 74100/111150 samples...
2026-10-06 12:29:05,049 - STRAP - INFO - Processed 74200/111150 samples...
2026-10-06 12:29:07,549 - STRAP - INFO - Processed 74300/111150 samples...
2026-10-06 12:29:10,051 - STRAP - INFO - Processed 74400/111150 samples...
2026-10-06 12:29:12,552 - STRAP - INFO - Processed 74500/111150 samples...
2026-10-06 12:29:15,053 - STRAP - INFO - Processed 74600/111150 samples...
2026-10-06 12:29:17,555 - STRAP - INFO - Processed 74700/111150 samples...
2026-10-06 12:29:20,056 - STRAP - INFO - Processed 74800/111150 samples...
2026-10-06 12:29:22,559 - STRAP - INFO - Processed 74900/111150 samples...
2026-10-06 12:29:25,059 - STRAP - INFO - Processed 75000/111150 samples...
2026-10-06 12:29:27,560 - STRAP - INFO - Processed 75100/111150 samples...
2026-10-06 12:29:30,056 - STRAP - INFO - Processed 75200/111150 samples...
2026-10-06 12:29:32,429 - STRAP - INFO - Processed 75300/111150 samples...
2026-10-06 12:29:34,803 - STRAP - INFO - Processed 75400/111150 samples...
2026-10-06 12:29:37,188 - STRAP - INFO - Processed 75500/111150 samples...
2026-10-06 12:29:39,559 - STRAP - INFO - Processed 75600/111150 samples...
2026-10-06 12:29:41,931 - STRAP - INFO - Processed 75700/111150 samples...
2026-10-06 12:29:44,304 - STRAP - INFO - Processed 75800/111150 samples...
2026-10-06 12:29:46,677 - STRAP - INFO - Processed 75900/111150 samples...
2026-10-06 12:29:49,051 - STRAP - INFO - Processed 76000/111150 samples...
2026-10-06 12:29:51,424 - STRAP - INFO - Processed 76100/111150 samples...
2026-10-06 12:29:53,796 - STRAP - INFO - Processed 76200/111150 samples...
2026-10-06 12:29:56,185 - STRAP - INFO - Processed 76300/111150 samples...
2026-10-06 12:29:58,598 - STRAP - INFO - Processed 76400/111150 samples...
2026-10-06 12:30:00,997 - STRAP - INFO - Processed 76500/111150 samples...
2026-10-06 12:30:03,370 - STRAP - INFO - Processed 76600/111150 samples...
2026-10-06 12:30:05,746 - STRAP - INFO - Processed 76700/111150 samples...
2026-10-06 12:30:08,156 - STRAP - INFO - Processed 76800/111150 samples...
2026-10-06 12:30:10,542 - STRAP - INFO - Processed 76900/111150 samples...
2026-10-06 12:30:12,917 - STRAP - INFO - Processed 77000/111150 samples...
2026-10-06 12:30:15,289 - STRAP - INFO - Processed 77100/111150 samples...
2026-10-06 12:30:17,662 - STRAP - INFO - Processed 77200/111150 samples...
2026-10-06 12:30:20,034 - STRAP - INFO - Processed 77300/111150 samples...
2026-10-06 12:30:22,407 - STRAP - INFO - Processed 77400/111150 samples...
2026-10-06 12:30:24,781 - STRAP - INFO - Processed 77500/111150 samples...
2026-10-06 12:30:27,154 - STRAP - INFO - Processed 77600/111150 samples...
2026-10-06 12:30:29,527 - STRAP - INFO - Processed 77700/111150 samples...
2026-10-06 12:30:31,899 - STRAP - INFO - Processed 77800/111150 samples...
2026-10-06 12:30:34,271 - STRAP - INFO - Processed 77900/111150 samples...
2026-10-06 12:30:36,646 - STRAP - INFO - Processed 78000/111150 samples...
2026-10-06 12:30:39,016 - STRAP - INFO - Processed 78100/111150 samples...
2026-10-06 12:30:41,387 - STRAP - INFO - Processed 78200/111150 samples...
2026-10-06 12:30:43,760 - STRAP - INFO - Processed 78300/111150 samples...
2026-10-06 12:30:46,136 - STRAP - INFO - Processed 78400/111150 samples...
2026-10-06 12:30:48,519 - STRAP - INFO - Processed 78500/111150 samples...
2026-10-06 12:30:50,891 - STRAP - INFO - Processed 78600/111150 samples...
2026-10-06 12:30:53,263 - STRAP - INFO - Processed 78700/111150 samples...
2026-10-06 12:30:55,644 - STRAP - INFO - Processed 78800/111150 samples...
2026-10-06 12:30:58,137 - STRAP - INFO - Processed 78900/111150 samples...
2026-10-06 12:31:00,636 - STRAP - INFO - Processed 79000/111150 samples...
2026-10-06 12:31:03,136 - STRAP - INFO - Processed 79100/111150 samples...
2026-10-06 12:31:05,635 - STRAP - INFO - Processed 79200/111150 samples...
2026-10-06 12:31:08,137 - STRAP - INFO - Processed 79300/111150 samples...
2026-10-06 12:31:10,636 - STRAP - INFO - Processed 79400/111150 samples...
2026-10-06 12:31:13,137 - STRAP - INFO - Processed 79500/111150 samples...
2026-10-06 12:31:15,640 - STRAP - INFO - Processed 79600/111150 samples...
2026-10-06 12:31:18,144 - STRAP - INFO - Processed 79700/111150 samples...
2026-10-06 12:31:20,645 - STRAP - INFO - Processed 79800/111150 samples...
2026-10-06 12:31:23,148 - STRAP - INFO - Processed 79900/111150 samples...
2026-10-06 12:31:25,650 - STRAP - INFO - Processed 80000/111150 samples...
2026-10-06 12:31:28,151 - STRAP - INFO - Processed 80100/111150 samples...
2026-10-06 12:31:30,654 - STRAP - INFO - Processed 80200/111150 samples...
2026-10-06 12:31:33,155 - STRAP - INFO - Processed 80300/111150 samples...
2026-10-06 12:31:35,659 - STRAP - INFO - Processed 80400/111150 samples...
2026-10-06 12:31:38,164 - STRAP - INFO - Processed 80500/111150 samples...
2026-10-06 12:31:40,665 - STRAP - INFO - Processed 80600/111150 samples...
2026-10-06 12:31:43,165 - STRAP - INFO - Processed 80700/111150 samples...
2026-10-06 12:31:45,664 - STRAP - INFO - Processed 80800/111150 samples...
2026-10-06 12:31:48,167 - STRAP - INFO - Processed 80900/111150 samples...
2026-10-06 12:31:50,668 - STRAP - INFO - Processed 81000/111150 samples...
2026-10-06 12:31:53,170 - STRAP - INFO - Processed 81100/111150 samples...
2026-10-06 12:31:55,670 - STRAP - INFO - Processed 81200/111150 samples...
2026-10-06 12:31:58,170 - STRAP - INFO - Processed 81300/111150 samples...
2026-10-06 12:32:00,672 - STRAP - INFO - Processed 81400/111150 samples...
2026-10-06 12:32:03,172 - STRAP - INFO - Processed 81500/111150 samples...
2026-10-06 12:32:05,676 - STRAP - INFO - Processed 81600/111150 samples...
2026-10-06 12:32:08,179 - STRAP - INFO - Processed 81700/111150 samples...
2026-10-06 12:32:10,681 - STRAP - INFO - Processed 81800/111150 samples...
2026-10-06 12:32:13,184 - STRAP - INFO - Processed 81900/111150 samples...
2026-10-06 12:32:15,685 - STRAP - INFO - Processed 82000/111150 samples...
2026-10-06 12:32:18,187 - STRAP - INFO - Processed 82100/111150 samples...
2026-10-06 12:32:20,688 - STRAP - INFO - Processed 82200/111150 samples...
2026-10-06 12:32:23,191 - STRAP - INFO - Processed 82300/111150 samples...
2026-10-06 12:32:25,692 - STRAP - INFO - Processed 82400/111150 samples...
2026-10-06 12:32:28,193 - STRAP - INFO - Processed 82500/111150 samples...
2026-10-06 12:32:30,693 - STRAP - INFO - Processed 82600/111150 samples...
2026-10-06 12:32:33,193 - STRAP - INFO - Processed 82700/111150 samples...
2026-10-06 12:32:35,695 - STRAP - INFO - Processed 82800/111150 samples...
2026-10-06 12:32:38,194 - STRAP - INFO - Processed 82900/111150 samples...
2026-10-06 12:32:40,697 - STRAP - INFO - Processed 83000/111150 samples...
2026-10-06 12:32:43,198 - STRAP - INFO - Processed 83100/111150 samples...
2026-10-06 12:32:45,703 - STRAP - INFO - Processed 83200/111150 samples...
2026-10-06 12:32:48,205 - STRAP - INFO - Processed 83300/111150 samples...
2026-10-06 12:32:50,706 - STRAP - INFO - Processed 83400/111150 samples...
2026-10-06 12:32:53,208 - STRAP - INFO - Processed 83500/111150 samples...
2026-10-06 12:32:55,711 - STRAP - INFO - Processed 83600/111150 samples...
2026-10-06 12:32:58,214 - STRAP - INFO - Processed 83700/111150 samples...
2026-10-06 12:33:00,715 - STRAP - INFO - Processed 83800/111150 samples...
2026-10-06 12:33:03,217 - STRAP - INFO - Processed 83900/111150 samples...
2026-10-06 12:33:05,718 - STRAP - INFO - Processed 84000/111150 samples...
2026-10-06 12:33:08,219 - STRAP - INFO - Processed 84100/111150 samples...
2026-10-06 12:33:10,721 - STRAP - INFO - Processed 84200/111150 samples...
2026-10-06 12:33:13,221 - STRAP - INFO - Processed 84300/111150 samples...
2026-10-06 12:33:15,724 - STRAP - INFO - Processed 84400/111150 samples...
2026-10-06 12:33:18,225 - STRAP - INFO - Processed 84500/111150 samples...
2026-10-06 12:33:20,727 - STRAP - INFO - Processed 84600/111150 samples...
2026-10-06 12:33:23,231 - STRAP - INFO - Processed 84700/111150 samples...
2026-10-06 12:33:25,730 - STRAP - INFO - Processed 84800/111150 samples...
2026-10-06 12:33:28,232 - STRAP - INFO - Processed 84900/111150 samples...
2026-10-06 12:33:30,731 - STRAP - INFO - Processed 85000/111150 samples...
2026-10-06 12:33:33,235 - STRAP - INFO - Processed 85100/111150 samples...
2026-10-06 12:33:35,738 - STRAP - INFO - Processed 85200/111150 samples...
2026-10-06 12:33:38,239 - STRAP - INFO - Processed 85300/111150 samples...
2026-10-06 12:33:40,742 - STRAP - INFO - Processed 85400/111150 samples...
2026-10-06 12:33:43,242 - STRAP - INFO - Processed 85500/111150 samples...
2026-10-06 12:33:45,746 - STRAP - INFO - Processed 85600/111150 samples...
2026-10-06 12:33:48,245 - STRAP - INFO - Processed 85700/111150 samples...
2026-10-06 12:33:50,749 - STRAP - INFO - Processed 85800/111150 samples...
2026-10-06 12:33:53,249 - STRAP - INFO - Processed 85900/111150 samples...
2026-10-06 12:33:55,751 - STRAP - INFO - Processed 86000/111150 samples...
2026-10-06 12:33:58,252 - STRAP - INFO - Processed 86100/111150 samples...
2026-10-06 12:34:00,753 - STRAP - INFO - Processed 86200/111150 samples...
2026-10-06 12:34:03,256 - STRAP - INFO - Processed 86300/111150 samples...
2026-10-06 12:34:05,755 - STRAP - INFO - Processed 86400/111150 samples...
2026-10-06 12:34:08,257 - STRAP - INFO - Processed 86500/111150 samples...
2026-10-06 12:34:10,757 - STRAP - INFO - Processed 86600/111150 samples...
2026-10-06 12:34:13,257 - STRAP - INFO - Processed 86700/111150 samples...
2026-10-06 12:34:15,752 - STRAP - INFO - Processed 86800/111150 samples...
2026-10-06 12:34:18,253 - STRAP - INFO - Processed 86900/111150 samples...
2026-10-06 12:34:20,753 - STRAP - INFO - Processed 87000/111150 samples...
2026-10-06 12:34:23,257 - STRAP - INFO - Processed 87100/111150 samples...
2026-10-06 12:34:25,758 - STRAP - INFO - Processed 87200/111150 samples...
2026-10-06 12:34:28,263 - STRAP - INFO - Processed 87300/111150 samples...
2026-10-06 12:34:30,765 - STRAP - INFO - Processed 87400/111150 samples...
2026-10-06 12:34:33,270 - STRAP - INFO - Processed 87500/111150 samples...
2026-10-06 12:34:35,773 - STRAP - INFO - Processed 87600/111150 samples...
2026-10-06 12:34:38,275 - STRAP - INFO - Processed 87700/111150 samples...
2026-10-06 12:34:40,779 - STRAP - INFO - Processed 87800/111150 samples...
2026-10-06 12:34:43,282 - STRAP - INFO - Processed 87900/111150 samples...
2026-10-06 12:34:45,787 - STRAP - INFO - Processed 88000/111150 samples...
2026-10-06 12:34:48,293 - STRAP - INFO - Processed 88100/111150 samples...
2026-10-06 12:34:50,795 - STRAP - INFO - Processed 88200/111150 samples...
2026-10-06 12:34:53,300 - STRAP - INFO - Processed 88300/111150 samples...
2026-10-06 12:34:55,801 - STRAP - INFO - Processed 88400/111150 samples...
2026-10-06 12:34:58,305 - STRAP - INFO - Processed 88500/111150 samples...
2026-10-06 12:35:00,806 - STRAP - INFO - Processed 88600/111150 samples...
2026-10-06 12:35:03,310 - STRAP - INFO - Processed 88700/111150 samples...
2026-10-06 12:35:05,812 - STRAP - INFO - Processed 88800/111150 samples...
2026-10-06 12:35:08,314 - STRAP - INFO - Processed 88900/111150 samples...
2026-10-06 12:35:10,817 - STRAP - INFO - Processed 89000/111150 samples...
2026-10-06 12:35:13,320 - STRAP - INFO - Processed 89100/111150 samples...
2026-10-06 12:35:15,824 - STRAP - INFO - Processed 89200/111150 samples...
2026-10-06 12:35:18,326 - STRAP - INFO - Processed 89300/111150 samples...
2026-10-06 12:35:20,834 - STRAP - INFO - Processed 89400/111150 samples...
2026-10-06 12:35:23,336 - STRAP - INFO - Processed 89500/111150 samples...
2026-10-06 12:35:25,841 - STRAP - INFO - Processed 89600/111150 samples...
2026-10-06 12:35:28,342 - STRAP - INFO - Processed 89700/111150 samples...
2026-10-06 12:35:30,847 - STRAP - INFO - Processed 89800/111150 samples...
2026-10-06 12:35:33,349 - STRAP - INFO - Processed 89900/111150 samples...
2026-10-06 12:35:35,852 - STRAP - INFO - Processed 90000/111150 samples...
2026-10-06 12:35:38,355 - STRAP - INFO - Processed 90100/111150 samples...
2026-10-06 12:35:40,859 - STRAP - INFO - Processed 90200/111150 samples...
2026-10-06 12:35:43,361 - STRAP - INFO - Processed 90300/111150 samples...
2026-10-06 12:35:45,863 - STRAP - INFO - Processed 90400/111150 samples...
2026-10-06 12:35:48,365 - STRAP - INFO - Processed 90500/111150 samples...
2026-10-06 12:35:50,867 - STRAP - INFO - Processed 90600/111150 samples...
2026-10-06 12:35:53,369 - STRAP - INFO - Processed 90700/111150 samples...
2026-10-06 12:35:55,873 - STRAP - INFO - Processed 90800/111150 samples...
2026-10-06 12:35:58,369 - STRAP - INFO - Processed 90900/111150 samples...
2026-10-06 12:36:00,870 - STRAP - INFO - Processed 91000/111150 samples...
2026-10-06 12:36:03,371 - STRAP - INFO - Processed 91100/111150 samples...
2026-10-06 12:36:05,872 - STRAP - INFO - Processed 91200/111150 samples...
2026-10-06 12:36:08,375 - STRAP - INFO - Processed 91300/111150 samples...
2026-10-06 12:36:10,876 - STRAP - INFO - Processed 91400/111150 samples...
2026-10-06 12:36:13,380 - STRAP - INFO - Processed 91500/111150 samples...
2026-10-06 12:36:15,879 - STRAP - INFO - Processed 91600/111150 samples...
2026-10-06 12:36:18,383 - STRAP - INFO - Processed 91700/111150 samples...
2026-10-06 12:36:20,883 - STRAP - INFO - Processed 91800/111150 samples...
2026-10-06 12:36:23,387 - STRAP - INFO - Processed 91900/111150 samples...
2026-10-06 12:36:25,888 - STRAP - INFO - Processed 92000/111150 samples...
2026-10-06 12:36:28,391 - STRAP - INFO - Processed 92100/111150 samples...
2026-10-06 12:36:30,895 - STRAP - INFO - Processed 92200/111150 samples...
2026-10-06 12:36:33,396 - STRAP - INFO - Processed 92300/111150 samples...
2026-10-06 12:36:35,897 - STRAP - INFO - Processed 92400/111150 samples...
2026-10-06 12:36:38,402 - STRAP - INFO - Processed 92500/111150 samples...
2026-10-06 12:36:40,903 - STRAP - INFO - Processed 92600/111150 samples...
2026-10-06 12:36:43,406 - STRAP - INFO - Processed 92700/111150 samples...
2026-10-06 12:36:45,909 - STRAP - INFO - Processed 92800/111150 samples...
2026-10-06 12:36:48,413 - STRAP - INFO - Processed 92900/111150 samples...
2026-10-06 12:36:50,914 - STRAP - INFO - Processed 93000/111150 samples...
2026-10-06 12:36:53,417 - STRAP - INFO - Processed 93100/111150 samples...
2026-10-06 12:36:55,919 - STRAP - INFO - Processed 93200/111150 samples...
2026-10-06 12:36:58,423 - STRAP - INFO - Processed 93300/111150 samples...
2026-10-06 12:37:00,926 - STRAP - INFO - Processed 93400/111150 samples...
2026-10-06 12:37:03,430 - STRAP - INFO - Processed 93500/111150 samples...
2026-10-06 12:37:05,932 - STRAP - INFO - Processed 93600/111150 samples...
2026-10-06 12:37:08,437 - STRAP - INFO - Processed 93700/111150 samples...
2026-10-06 12:37:10,936 - STRAP - INFO - Processed 93800/111150 samples...
2026-10-06 12:37:13,439 - STRAP - INFO - Processed 93900/111150 samples...
2026-10-06 12:37:15,940 - STRAP - INFO - Processed 94000/111150 samples...
2026-10-06 12:37:18,444 - STRAP - INFO - Processed 94100/111150 samples...
2026-10-06 12:37:20,947 - STRAP - INFO - Processed 94200/111150 samples...
2026-10-06 12:37:23,451 - STRAP - INFO - Processed 94300/111150 samples...
2026-10-06 12:37:25,954 - STRAP - INFO - Processed 94400/111150 samples...
2026-10-06 12:37:28,457 - STRAP - INFO - Processed 94500/111150 samples...
2026-10-06 12:37:30,958 - STRAP - INFO - Processed 94600/111150 samples...
2026-10-06 12:37:33,396 - STRAP - INFO - Processed 94700/111150 samples...
2026-10-06 12:37:35,803 - STRAP - INFO - Processed 94800/111150 samples...
2026-10-06 12:37:38,174 - STRAP - INFO - Processed 94900/111150 samples...
2026-10-06 12:37:40,547 - STRAP - INFO - Processed 95000/111150 samples...
2026-10-06 12:37:42,943 - STRAP - INFO - Processed 95100/111150 samples...
2026-10-06 12:37:45,445 - STRAP - INFO - Processed 95200/111150 samples...
2026-10-06 12:37:47,946 - STRAP - INFO - Processed 95300/111150 samples...
2026-10-06 12:37:50,449 - STRAP - INFO - Processed 95400/111150 samples...
2026-10-06 12:37:52,948 - STRAP - INFO - Processed 95500/111150 samples...
2026-10-06 12:37:55,449 - STRAP - INFO - Processed 95600/111150 samples...
2026-10-06 12:37:57,949 - STRAP - INFO - Processed 95700/111150 samples...
2026-10-06 12:38:00,451 - STRAP - INFO - Processed 95800/111150 samples...
2026-10-06 12:38:02,954 - STRAP - INFO - Processed 95900/111150 samples...
2026-10-06 12:38:05,455 - STRAP - INFO - Processed 96000/111150 samples...
2026-10-06 12:38:07,956 - STRAP - INFO - Processed 96100/111150 samples...
2026-10-06 12:38:10,459 - STRAP - INFO - Processed 96200/111150 samples...
2026-10-06 12:38:12,959 - STRAP - INFO - Processed 96300/111150 samples...
2026-10-06 12:38:15,460 - STRAP - INFO - Processed 96400/111150 samples...
2026-10-06 12:38:17,961 - STRAP - INFO - Processed 96500/111150 samples...
2026-10-06 12:38:20,460 - STRAP - INFO - Processed 96600/111150 samples...
2026-10-06 12:38:22,962 - STRAP - INFO - Processed 96700/111150 samples...
2026-10-06 12:38:25,462 - STRAP - INFO - Processed 96800/111150 samples...
2026-10-06 12:38:27,964 - STRAP - INFO - Processed 96900/111150 samples...
2026-10-06 12:38:30,464 - STRAP - INFO - Processed 97000/111150 samples...
2026-10-06 12:38:32,967 - STRAP - INFO - Processed 97100/111150 samples...
2026-10-06 12:38:35,468 - STRAP - INFO - Processed 97200/111150 samples...
2026-10-06 12:38:37,969 - STRAP - INFO - Processed 97300/111150 samples...
2026-10-06 12:38:40,448 - STRAP - INFO - Processed 97400/111150 samples...
2026-10-06 12:38:42,863 - STRAP - INFO - Processed 97500/111150 samples...
2026-10-06 12:38:45,337 - STRAP - INFO - Processed 97600/111150 samples...
2026-10-06 12:38:47,840 - STRAP - INFO - Processed 97700/111150 samples...
2026-10-06 12:38:50,342 - STRAP - INFO - Processed 97800/111150 samples...
2026-10-06 12:38:52,844 - STRAP - INFO - Processed 97900/111150 samples...
2026-10-06 12:38:55,345 - STRAP - INFO - Processed 98000/111150 samples...
2026-10-06 12:38:57,843 - STRAP - INFO - Processed 98100/111150 samples...
2026-10-06 12:39:00,299 - STRAP - INFO - Processed 98200/111150 samples...
2026-10-06 12:39:02,670 - STRAP - INFO - Processed 98300/111150 samples...
2026-10-06 12:39:04,995 - STRAP - INFO - Processed 98400/111150 samples...
2026-10-06 12:39:07,321 - STRAP - INFO - Processed 98500/111150 samples...
2026-10-06 12:39:09,769 - STRAP - INFO - Processed 98600/111150 samples...
2026-10-06 12:39:12,261 - STRAP - INFO - Processed 98700/111150 samples...
2026-10-06 12:39:14,741 - STRAP - INFO - Processed 98800/111150 samples...
2026-10-06 12:39:17,146 - STRAP - INFO - Processed 98900/111150 samples...
2026-10-06 12:39:19,546 - STRAP - INFO - Processed 99000/111150 samples...
2026-10-06 12:39:21,825 - STRAP - INFO - Processed 99100/111150 samples...
2026-10-06 12:39:24,102 - STRAP - INFO - Processed 99200/111150 samples...
2026-10-06 12:39:26,378 - STRAP - INFO - Processed 99300/111150 samples...
2026-10-06 12:39:28,653 - STRAP - INFO - Processed 99400/111150 samples...
2026-10-06 12:39:30,927 - STRAP - INFO - Processed 99500/111150 samples...
2026-10-06 12:39:33,200 - STRAP - INFO - Processed 99600/111150 samples...
2026-10-06 12:39:35,475 - STRAP - INFO - Processed 99700/111150 samples...
2026-10-06 12:39:37,752 - STRAP - INFO - Processed 99800/111150 samples...
2026-10-06 12:39:40,027 - STRAP - INFO - Processed 99900/111150 samples...
2026-10-06 12:39:42,304 - STRAP - INFO - Processed 100000/111150 samples...
2026-10-06 12:39:44,584 - STRAP - INFO - Processed 100100/111150 samples...
2026-10-06 12:39:46,861 - STRAP - INFO - Processed 100200/111150 samples...
2026-10-06 12:39:49,137 - STRAP - INFO - Processed 100300/111150 samples...
2026-10-06 12:39:51,413 - STRAP - INFO - Processed 100400/111150 samples...
2026-10-06 12:39:53,689 - STRAP - INFO - Processed 100500/111150 samples...
2026-10-06 12:39:55,969 - STRAP - INFO - Processed 100600/111150 samples...
2026-10-06 12:39:58,245 - STRAP - INFO - Processed 100700/111150 samples...
2026-10-06 12:40:00,511 - STRAP - INFO - Processed 100800/111150 samples...
2026-10-06 12:40:02,876 - STRAP - INFO - Processed 100900/111150 samples...
2026-10-06 12:40:05,163 - STRAP - INFO - Processed 101000/111150 samples...
2026-10-06 12:40:07,437 - STRAP - INFO - Processed 101100/111150 samples...
2026-10-06 12:40:09,714 - STRAP - INFO - Processed 101200/111150 samples...
2026-10-06 12:40:11,990 - STRAP - INFO - Processed 101300/111150 samples...
2026-10-06 12:40:14,268 - STRAP - INFO - Processed 101400/111150 samples...
2026-10-06 12:40:16,576 - STRAP - INFO - Processed 101500/111150 samples...
2026-10-06 12:40:18,939 - STRAP - INFO - Processed 101600/111150 samples...
2026-10-06 12:40:21,301 - STRAP - INFO - Processed 101700/111150 samples...
2026-10-06 12:40:23,697 - STRAP - INFO - Processed 101800/111150 samples...
2026-10-06 12:40:26,098 - STRAP - INFO - Processed 101900/111150 samples...
2026-10-06 12:40:28,509 - STRAP - INFO - Processed 102000/111150 samples...
2026-10-06 12:40:30,903 - STRAP - INFO - Processed 102100/111150 samples...
2026-10-06 12:40:33,278 - STRAP - INFO - Processed 102200/111150 samples...
2026-10-06 12:40:35,647 - STRAP - INFO - Processed 102300/111150 samples...
2026-10-06 12:40:38,004 - STRAP - INFO - Processed 102400/111150 samples...
2026-10-06 12:40:40,346 - STRAP - INFO - Processed 102500/111150 samples...
2026-10-06 12:40:42,759 - STRAP - INFO - Processed 102600/111150 samples...
2026-10-06 12:40:45,142 - STRAP - INFO - Processed 102700/111150 samples...
2026-10-06 12:40:47,415 - STRAP - INFO - Processed 102800/111150 samples...
2026-10-06 12:40:49,677 - STRAP - INFO - Processed 102900/111150 samples...
2026-10-06 12:40:51,942 - STRAP - INFO - Processed 103000/111150 samples...
2026-10-06 12:40:54,229 - STRAP - INFO - Processed 103100/111150 samples...
2026-10-06 12:40:56,599 - STRAP - INFO - Processed 103200/111150 samples...
2026-10-06 12:40:58,977 - STRAP - INFO - Processed 103300/111150 samples...
2026-10-06 12:41:01,364 - STRAP - INFO - Processed 103400/111150 samples...
2026-10-06 12:41:03,760 - STRAP - INFO - Processed 103500/111150 samples...
2026-10-06 12:41:06,137 - STRAP - INFO - Processed 103600/111150 samples...
2026-10-06 12:41:08,512 - STRAP - INFO - Processed 103700/111150 samples...
2026-10-06 12:41:10,896 - STRAP - INFO - Processed 103800/111150 samples...
2026-10-06 12:41:13,314 - STRAP - INFO - Processed 103900/111150 samples...
2026-10-06 12:41:15,699 - STRAP - INFO - Processed 104000/111150 samples...
2026-10-06 12:41:17,973 - STRAP - INFO - Processed 104100/111150 samples...
2026-10-06 12:41:20,245 - STRAP - INFO - Processed 104200/111150 samples...
2026-10-06 12:41:22,510 - STRAP - INFO - Processed 104300/111150 samples...
2026-10-06 12:41:24,780 - STRAP - INFO - Processed 104400/111150 samples...
2026-10-06 12:41:27,054 - STRAP - INFO - Processed 104500/111150 samples...
2026-10-06 12:41:29,344 - STRAP - INFO - Processed 104600/111150 samples...
2026-10-06 12:41:31,703 - STRAP - INFO - Processed 104700/111150 samples...
2026-10-06 12:41:34,087 - STRAP - INFO - Processed 104800/111150 samples...
2026-10-06 12:41:36,459 - STRAP - INFO - Processed 104900/111150 samples...
2026-10-06 12:41:38,848 - STRAP - INFO - Processed 105000/111150 samples...
2026-10-06 12:41:41,179 - STRAP - INFO - Processed 105100/111150 samples...
2026-10-06 12:41:43,550 - STRAP - INFO - Processed 105200/111150 samples...
2026-10-06 12:41:46,026 - STRAP - INFO - Processed 105300/111150 samples...
2026-10-06 12:41:48,505 - STRAP - INFO - Processed 105400/111150 samples...
2026-10-06 12:41:50,987 - STRAP - INFO - Processed 105500/111150 samples...
2026-10-06 12:41:53,465 - STRAP - INFO - Processed 105600/111150 samples...
2026-10-06 12:41:55,944 - STRAP - INFO - Processed 105700/111150 samples...
2026-10-06 12:41:58,422 - STRAP - INFO - Processed 105800/111150 samples...
2026-10-06 12:42:00,902 - STRAP - INFO - Processed 105900/111150 samples...
2026-10-06 12:42:03,378 - STRAP - INFO - Processed 106000/111150 samples...
2026-10-06 12:42:05,855 - STRAP - INFO - Processed 106100/111150 samples...
2026-10-06 12:42:08,332 - STRAP - INFO - Processed 106200/111150 samples...
2026-10-06 12:42:10,811 - STRAP - INFO - Processed 106300/111150 samples...
2026-10-06 12:42:13,290 - STRAP - INFO - Processed 106400/111150 samples...
2026-10-06 12:42:15,767 - STRAP - INFO - Processed 106500/111150 samples...
2026-10-06 12:42:18,245 - STRAP - INFO - Processed 106600/111150 samples...
2026-10-06 12:42:20,644 - STRAP - INFO - Processed 106700/111150 samples...
2026-10-06 12:42:23,049 - STRAP - INFO - Processed 106800/111150 samples...
2026-10-06 12:42:25,482 - STRAP - INFO - Processed 106900/111150 samples...
2026-10-06 12:42:27,959 - STRAP - INFO - Processed 107000/111150 samples...
2026-10-06 12:42:30,434 - STRAP - INFO - Processed 107100/111150 samples...
2026-10-06 12:42:32,914 - STRAP - INFO - Processed 107200/111150 samples...
2026-10-06 12:42:35,389 - STRAP - INFO - Processed 107300/111150 samples...
2026-10-06 12:42:37,867 - STRAP - INFO - Processed 107400/111150 samples...
2026-10-06 12:42:40,344 - STRAP - INFO - Processed 107500/111150 samples...
2026-10-06 12:42:42,823 - STRAP - INFO - Processed 107600/111150 samples...
2026-10-06 12:42:45,302 - STRAP - INFO - Processed 107700/111150 samples...
2026-10-06 12:42:47,779 - STRAP - INFO - Processed 107800/111150 samples...
2026-10-06 12:42:50,256 - STRAP - INFO - Processed 107900/111150 samples...
2026-10-06 12:42:52,732 - STRAP - INFO - Processed 108000/111150 samples...
2026-10-06 12:42:55,209 - STRAP - INFO - Processed 108100/111150 samples...
2026-10-06 12:42:57,688 - STRAP - INFO - Processed 108200/111150 samples...
2026-10-06 12:43:00,164 - STRAP - INFO - Processed 108300/111150 samples...
2026-10-06 12:43:02,641 - STRAP - INFO - Processed 108400/111150 samples...
2026-10-06 12:43:05,119 - STRAP - INFO - Processed 108500/111150 samples...
2026-10-06 12:43:07,595 - STRAP - INFO - Processed 108600/111150 samples...
2026-10-06 12:43:10,070 - STRAP - INFO - Processed 108700/111150 samples...
2026-10-06 12:43:12,547 - STRAP - INFO - Processed 108800/111150 samples...
2026-10-06 12:43:15,024 - STRAP - INFO - Processed 108900/111150 samples...
2026-10-06 12:43:17,500 - STRAP - INFO - Processed 109000/111150 samples...
2026-10-06 12:43:19,975 - STRAP - INFO - Processed 109100/111150 samples...
2026-10-06 12:43:22,452 - STRAP - INFO - Processed 109200/111150 samples...
2026-10-06 12:43:24,927 - STRAP - INFO - Processed 109300/111150 samples...
2026-10-06 12:43:27,406 - STRAP - INFO - Processed 109400/111150 samples...
2026-10-06 12:43:29,882 - STRAP - INFO - Processed 109500/111150 samples...
2026-10-06 12:43:32,358 - STRAP - INFO - Processed 109600/111150 samples...
2026-10-06 12:43:34,836 - STRAP - INFO - Processed 109700/111150 samples...
2026-10-06 12:43:37,310 - STRAP - INFO - Processed 109800/111150 samples...
2026-10-06 12:43:39,789 - STRAP - INFO - Processed 109900/111150 samples...
2026-10-06 12:43:42,266 - STRAP - INFO - Processed 110000/111150 samples...
2026-10-06 12:43:44,742 - STRAP - INFO - Processed 110100/111150 samples...
2026-10-06 12:43:47,222 - STRAP - INFO - Processed 110200/111150 samples...
2026-10-06 12:43:49,647 - STRAP - INFO - Processed 110300/111150 samples...
2026-10-06 12:43:52,061 - STRAP - INFO - Processed 110400/111150 samples...
2026-10-06 12:43:54,378 - STRAP - INFO - Processed 110500/111150 samples...
2026-10-06 12:43:56,764 - STRAP - INFO - Processed 110600/111150 samples...
2026-10-06 12:43:59,127 - STRAP - INFO - Processed 110700/111150 samples...
2026-10-06 12:44:01,501 - STRAP - INFO - Processed 110800/111150 samples...
2026-10-06 12:44:03,789 - STRAP - INFO - Processed 110900/111150 samples...
2026-10-06 12:44:06,046 - STRAP - INFO - Processed 111000/111150 samples...
2026-10-06 12:44:08,303 - STRAP - INFO - Processed 111100/111150 samples...
2026-10-06 12:44:09,432 - STRAP - INFO - Finished evaluating collisions! Found 1304 predicted colliding pairs.
2026-10-06 12:44:09,538 - STRAP - INFO - 
==================================================
2026-10-06 12:44:09,538 - STRAP - INFO - Collision Prediction Metrics (metric=min_dist, threshold=2.0)
2026-10-06 12:44:09,538 - STRAP - INFO - ==================================================
2026-10-06 12:44:09,538 - STRAP - INFO -   Total pairs evaluated: 1641679
2026-10-06 12:44:09,538 - STRAP - INFO -   True Positives:  560
2026-10-06 12:44:09,538 - STRAP - INFO -   False Positives: 744
2026-10-06 12:44:09,538 - STRAP - INFO -   False Negatives: 157094
2026-10-06 12:44:09,539 - STRAP - INFO -   True Negatives:  1483281
2026-10-06 12:44:09,539 - STRAP - INFO -   Accuracy:   0.9039
2026-10-06 12:44:09,539 - STRAP - INFO -   Precision:  0.4294
2026-10-06 12:44:09,539 - STRAP - INFO -   Recall:     0.0036
2026-10-06 12:44:09,539 - STRAP - INFO -   F1 Score:   0.0070
2026-10-06 12:44:09,539 - STRAP - INFO - ==================================================
2026-10-06 12:44:09,539 - STRAP - INFO - Metrics saved to logs/strap_reproduction_v2/collision_metrics.txt
